Oct 18 01:26:07 lsmtest kernel: Linux version 6.5.6 (root@lsmtest) (gcc (Ubuntu 13.2.0-23ubuntu4) 13.2.0, GNU ld (GNU Binutils for Ubuntu) 2.42) #1 SMP PREEMPT_DYNAMIC Fri Oct 18 00:41:23 UTC 2024
Oct 18 01:26:07 lsmtest kernel: Command line: BOOT_IMAGE=/boot/vmlinuz-6.5.6 root=UUID=24a35fab-19de-4835-bc2b-9fb6e805e455 ro quiet splash
Oct 18 01:26:07 lsmtest kernel: KERNEL supported cpus:
Oct 18 01:26:07 lsmtest kernel:   Intel GenuineIntel
Oct 18 01:26:07 lsmtest kernel:   AMD AuthenticAMD
Oct 18 01:26:07 lsmtest kernel:   Hygon HygonGenuine
Oct 18 01:26:07 lsmtest kernel:   Centaur CentaurHauls
Oct 18 01:26:07 lsmtest kernel:   zhaoxin   Shanghai  
Oct 18 01:26:07 lsmtest kernel: [Firmware Bug]: TSC doesn't count with P0 frequency!
Oct 18 01:26:07 lsmtest kernel: BIOS-provided physical RAM map:
Oct 18 01:26:07 lsmtest kernel: BIOS-e820: [mem 0x0000000000000000-0x000000000009fbff] usable
Oct 18 01:26:07 lsmtest kernel: BIOS-e820: [mem 0x000000000009fc00-0x000000000009ffff] reserved
Oct 18 01:26:07 lsmtest kernel: BIOS-e820: [mem 0x00000000000f0000-0x00000000000fffff] reserved
Oct 18 01:26:07 lsmtest kernel: BIOS-e820: [mem 0x0000000000100000-0x00000000dffeffff] usable
Oct 18 01:26:07 lsmtest kernel: BIOS-e820: [mem 0x00000000dfff0000-0x00000000dfffffff] ACPI data
Oct 18 01:26:07 lsmtest kernel: BIOS-e820: [mem 0x00000000fec00000-0x00000000fec00fff] reserved
Oct 18 01:26:07 lsmtest kernel: BIOS-e820: [mem 0x00000000fee00000-0x00000000fee00fff] reserved
Oct 18 01:26:07 lsmtest kernel: BIOS-e820: [mem 0x00000000fffc0000-0x00000000ffffffff] reserved
Oct 18 01:26:07 lsmtest kernel: BIOS-e820: [mem 0x0000000100000000-0x0000000213ffffff] usable
Oct 18 01:26:07 lsmtest kernel: NX (Execute Disable) protection: active
Oct 18 01:26:07 lsmtest kernel: SMBIOS 2.5 present.
Oct 18 01:26:07 lsmtest kernel: DMI: innotek GmbH VirtualBox/VirtualBox, BIOS VirtualBox 12/01/2006
Oct 18 01:26:07 lsmtest kernel: Hypervisor detected: KVM
Oct 18 01:26:07 lsmtest kernel: kvm-clock: Using msrs 4b564d01 and 4b564d00
Oct 18 01:26:07 lsmtest kernel: kvm-clock: using sched offset of 8666874664144 cycles
Oct 18 01:26:07 lsmtest kernel: clocksource: kvm-clock: mask: 0xffffffffffffffff max_cycles: 0x1cd42e4dffb, max_idle_ns: 881590591483 ns
Oct 18 01:26:07 lsmtest kernel: tsc: Detected 4191.988 MHz processor
Oct 18 01:26:07 lsmtest kernel: e820: update [mem 0x00000000-0x00000fff] usable ==> reserved
Oct 18 01:26:07 lsmtest kernel: e820: remove [mem 0x000a0000-0x000fffff] usable
Oct 18 01:26:07 lsmtest kernel: last_pfn = 0x214000 max_arch_pfn = 0x400000000
Oct 18 01:26:07 lsmtest kernel: MTRR map: 3 entries (3 fixed + 0 variable; max 19), built from 8 variable MTRRs
Oct 18 01:26:07 lsmtest kernel: x86/PAT: Configuration [0-7]: WB  WC  UC- UC  WB  WP  UC- WT  
Oct 18 01:26:07 lsmtest kernel: CPU MTRRs all blank - virtualized system.
Oct 18 01:26:07 lsmtest kernel: last_pfn = 0xdfff0 max_arch_pfn = 0x400000000
Oct 18 01:26:07 lsmtest kernel: found SMP MP-table at [mem 0x0009fbf0-0x0009fbff]
Oct 18 01:26:07 lsmtest kernel: RAMDISK: [mem 0x1d9b6000-0x37feefff]
Oct 18 01:26:07 lsmtest kernel: ACPI: Early table checksum verification disabled
Oct 18 01:26:07 lsmtest kernel: ACPI: RSDP 0x00000000000E0000 000024 (v02 VBOX  )
Oct 18 01:26:07 lsmtest kernel: ACPI: XSDT 0x00000000DFFF0030 00003C (v01 VBOX   VBOXXSDT 00000001 ASL  00000061)
Oct 18 01:26:07 lsmtest kernel: ACPI: FACP 0x00000000DFFF00F0 0000F4 (v04 VBOX   VBOXFACP 00000001 ASL  00000061)
Oct 18 01:26:07 lsmtest kernel: ACPI: DSDT 0x00000000DFFF0630 002353 (v02 VBOX   VBOXBIOS 00000002 INTL 20100528)
Oct 18 01:26:07 lsmtest kernel: ACPI: FACS 0x00000000DFFF0200 000040
Oct 18 01:26:07 lsmtest kernel: ACPI: FACS 0x00000000DFFF0200 000040
Oct 18 01:26:07 lsmtest kernel: ACPI: APIC 0x00000000DFFF0240 00007C (v02 VBOX   VBOXAPIC 00000001 ASL  00000061)
Oct 18 01:26:07 lsmtest kernel: ACPI: SSDT 0x00000000DFFF02C0 00036C (v01 VBOX   VBOXCPUT 00000002 INTL 20100528)
Oct 18 01:26:07 lsmtest kernel: ACPI: Reserving FACP table memory at [mem 0xdfff00f0-0xdfff01e3]
Oct 18 01:26:07 lsmtest kernel: ACPI: Reserving DSDT table memory at [mem 0xdfff0630-0xdfff2982]
Oct 18 01:26:07 lsmtest kernel: ACPI: Reserving FACS table memory at [mem 0xdfff0200-0xdfff023f]
Oct 18 01:26:07 lsmtest kernel: ACPI: Reserving FACS table memory at [mem 0xdfff0200-0xdfff023f]
Oct 18 01:26:07 lsmtest kernel: ACPI: Reserving APIC table memory at [mem 0xdfff0240-0xdfff02bb]
Oct 18 01:26:07 lsmtest kernel: ACPI: Reserving SSDT table memory at [mem 0xdfff02c0-0xdfff062b]
Oct 18 01:26:07 lsmtest kernel: No NUMA configuration found
Oct 18 01:26:07 lsmtest kernel: Faking a node at [mem 0x0000000000000000-0x0000000213ffffff]
Oct 18 01:26:07 lsmtest kernel: NODE_DATA(0) allocated [mem 0x213fd1000-0x213ffbfff]
Oct 18 01:26:07 lsmtest kernel: Zone ranges:
Oct 18 01:26:07 lsmtest kernel:   DMA      [mem 0x0000000000001000-0x0000000000ffffff]
Oct 18 01:26:07 lsmtest kernel:   DMA32    [mem 0x0000000001000000-0x00000000ffffffff]
Oct 18 01:26:07 lsmtest kernel:   Normal   [mem 0x0000000100000000-0x0000000213ffffff]
Oct 18 01:26:07 lsmtest kernel:   Device   empty
Oct 18 01:26:07 lsmtest kernel: Movable zone start for each node
Oct 18 01:26:07 lsmtest kernel: Early memory node ranges
Oct 18 01:26:07 lsmtest kernel:   node   0: [mem 0x0000000000001000-0x000000000009efff]
Oct 18 01:26:07 lsmtest kernel:   node   0: [mem 0x0000000000100000-0x00000000dffeffff]
Oct 18 01:26:07 lsmtest kernel:   node   0: [mem 0x0000000100000000-0x0000000213ffffff]
Oct 18 01:26:07 lsmtest kernel: Initmem setup node 0 [mem 0x0000000000001000-0x0000000213ffffff]
Oct 18 01:26:07 lsmtest kernel: On node 0, zone DMA: 1 pages in unavailable ranges
Oct 18 01:26:07 lsmtest kernel: On node 0, zone DMA: 97 pages in unavailable ranges
Oct 18 01:26:07 lsmtest kernel: On node 0, zone Normal: 16 pages in unavailable ranges
Oct 18 01:26:07 lsmtest kernel: On node 0, zone Normal: 16384 pages in unavailable ranges
Oct 18 01:26:07 lsmtest kernel: ACPI: PM-Timer IO Port: 0x4008
Oct 18 01:26:07 lsmtest kernel: IOAPIC[0]: apic_id 6, version 32, address 0xfec00000, GSI 0-23
Oct 18 01:26:07 lsmtest kernel: ACPI: INT_SRC_OVR (bus 0 bus_irq 0 global_irq 2 dfl dfl)
Oct 18 01:26:07 lsmtest kernel: ACPI: INT_SRC_OVR (bus 0 bus_irq 9 global_irq 9 low level)
Oct 18 01:26:07 lsmtest kernel: ACPI: Using ACPI (MADT) for SMP configuration information
Oct 18 01:26:07 lsmtest kernel: smpboot: Allowing 6 CPUs, 0 hotplug CPUs
Oct 18 01:26:07 lsmtest kernel: PM: hibernation: Registered nosave memory: [mem 0x00000000-0x00000fff]
Oct 18 01:26:07 lsmtest kernel: PM: hibernation: Registered nosave memory: [mem 0x0009f000-0x0009ffff]
Oct 18 01:26:07 lsmtest kernel: PM: hibernation: Registered nosave memory: [mem 0x000a0000-0x000effff]
Oct 18 01:26:07 lsmtest kernel: PM: hibernation: Registered nosave memory: [mem 0x000f0000-0x000fffff]
Oct 18 01:26:07 lsmtest kernel: PM: hibernation: Registered nosave memory: [mem 0xdfff0000-0xdfffffff]
Oct 18 01:26:07 lsmtest kernel: PM: hibernation: Registered nosave memory: [mem 0xe0000000-0xfebfffff]
Oct 18 01:26:07 lsmtest kernel: PM: hibernation: Registered nosave memory: [mem 0xfec00000-0xfec00fff]
Oct 18 01:26:07 lsmtest kernel: PM: hibernation: Registered nosave memory: [mem 0xfec01000-0xfedfffff]
Oct 18 01:26:07 lsmtest kernel: PM: hibernation: Registered nosave memory: [mem 0xfee00000-0xfee00fff]
Oct 18 01:26:07 lsmtest kernel: PM: hibernation: Registered nosave memory: [mem 0xfee01000-0xfffbffff]
Oct 18 01:26:07 lsmtest kernel: PM: hibernation: Registered nosave memory: [mem 0xfffc0000-0xffffffff]
Oct 18 01:26:07 lsmtest kernel: [mem 0xe0000000-0xfebfffff] available for PCI devices
Oct 18 01:26:07 lsmtest kernel: Booting paravirtualized kernel on KVM
Oct 18 01:26:07 lsmtest kernel: clocksource: refined-jiffies: mask: 0xffffffff max_cycles: 0xffffffff, max_idle_ns: 1910969940391419 ns
Oct 18 01:26:07 lsmtest kernel: setup_percpu: NR_CPUS:8192 nr_cpumask_bits:6 nr_cpu_ids:6 nr_node_ids:1
Oct 18 01:26:07 lsmtest kernel: percpu: Embedded 63 pages/cpu s221184 r8192 d28672 u262144
Oct 18 01:26:07 lsmtest kernel: pcpu-alloc: s221184 r8192 d28672 u262144 alloc=1*2097152
Oct 18 01:26:07 lsmtest kernel: pcpu-alloc: [0] 0 1 2 3 4 5 - - 
Oct 18 01:26:07 lsmtest kernel: kvm-guest: PV spinlocks enabled
Oct 18 01:26:07 lsmtest kernel: PV qspinlock hash table entries: 256 (order: 0, 4096 bytes, linear)
Oct 18 01:26:07 lsmtest kernel: Kernel command line: BOOT_IMAGE=/boot/vmlinuz-6.5.6 root=UUID=24a35fab-19de-4835-bc2b-9fb6e805e455 ro quiet splash
Oct 18 01:26:07 lsmtest kernel: Unknown kernel command line parameters "splash BOOT_IMAGE=/boot/vmlinuz-6.5.6", will be passed to user space.
Oct 18 01:26:07 lsmtest kernel: random: crng init done
Oct 18 01:26:07 lsmtest kernel: Dentry cache hash table entries: 1048576 (order: 11, 8388608 bytes, linear)
Oct 18 01:26:07 lsmtest kernel: Inode-cache hash table entries: 524288 (order: 10, 4194304 bytes, linear)
Oct 18 01:26:07 lsmtest kernel: Fallback order for Node 0: 0 
Oct 18 01:26:07 lsmtest kernel: Built 1 zonelists, mobility grouping on.  Total pages: 2015728
Oct 18 01:26:07 lsmtest kernel: Policy zone: Normal
Oct 18 01:26:07 lsmtest kernel: mem auto-init: stack:all(zero), heap alloc:on, heap free:off
Oct 18 01:26:07 lsmtest kernel: software IO TLB: area num 8.
Oct 18 01:26:07 lsmtest kernel: Memory: 7499664K/8191544K available (20480K kernel code, 4258K rwdata, 12732K rodata, 4684K init, 5220K bss, 691620K reserved, 0K cma-reserved)
Oct 18 01:26:07 lsmtest kernel: SLUB: HWalign=64, Order=0-3, MinObjects=0, CPUs=6, Nodes=1
Oct 18 01:26:07 lsmtest kernel: ftrace: allocating 51885 entries in 203 pages
Oct 18 01:26:07 lsmtest kernel: ftrace: allocated 203 pages with 5 groups
Oct 18 01:26:07 lsmtest kernel: Dynamic Preempt: voluntary
Oct 18 01:26:07 lsmtest kernel: rcu: Preemptible hierarchical RCU implementation.
Oct 18 01:26:07 lsmtest kernel: rcu:         RCU restricting CPUs from NR_CPUS=8192 to nr_cpu_ids=6.
Oct 18 01:26:07 lsmtest kernel:         Trampoline variant of Tasks RCU enabled.
Oct 18 01:26:07 lsmtest kernel:         Rude variant of Tasks RCU enabled.
Oct 18 01:26:07 lsmtest kernel:         Tracing variant of Tasks RCU enabled.
Oct 18 01:26:07 lsmtest kernel: rcu: RCU calculated value of scheduler-enlistment delay is 100 jiffies.
Oct 18 01:26:07 lsmtest kernel: rcu: Adjusting geometry for rcu_fanout_leaf=16, nr_cpu_ids=6
Oct 18 01:26:07 lsmtest kernel: NR_IRQS: 524544, nr_irqs: 472, preallocated irqs: 16
Oct 18 01:26:07 lsmtest kernel: rcu: srcu_init: Setting srcu_struct sizes based on contention.
Oct 18 01:26:07 lsmtest kernel: Console: colour VGA+ 80x25
Oct 18 01:26:07 lsmtest kernel: printk: console [tty0] enabled
Oct 18 01:26:07 lsmtest kernel: ACPI: Core revision 20230331
Oct 18 01:26:07 lsmtest kernel: APIC: Switch to symmetric I/O mode setup
Oct 18 01:26:07 lsmtest kernel: ..TIMER: vector=0x30 apic1=0 pin1=2 apic2=-1 pin2=-1
Oct 18 01:26:07 lsmtest kernel: clocksource: tsc-early: mask: 0xffffffffffffffff max_cycles: 0x3c6cd03e88a, max_idle_ns: 440795224423 ns
Oct 18 01:26:07 lsmtest kernel: Calibrating delay loop (skipped) preset value.. 8383.97 BogoMIPS (lpj=4191988)
Oct 18 01:26:07 lsmtest kernel: Last level iTLB entries: 4KB 512, 2MB 512, 4MB 256
Oct 18 01:26:07 lsmtest kernel: Last level dTLB entries: 4KB 3072, 2MB 3072, 4MB 1536, 1GB 0
Oct 18 01:26:07 lsmtest kernel: Spectre V1 : Mitigation: usercopy/swapgs barriers and __user pointer sanitization
Oct 18 01:26:07 lsmtest kernel: Spectre V2 : Mitigation: Retpolines
Oct 18 01:26:07 lsmtest kernel: Spectre V2 : Spectre v2 / SpectreRSB mitigation: Filling RSB on context switch
Oct 18 01:26:07 lsmtest kernel: Spectre V2 : Spectre v2 / SpectreRSB : Filling RSB on VMEXIT
Oct 18 01:26:07 lsmtest kernel: Speculative Return Stack Overflow: IBPB-extending microcode not applied!
Oct 18 01:26:07 lsmtest kernel: Speculative Return Stack Overflow: WARNING: See https://kernel.org/doc/html/latest/admin-guide/hw-vuln/srso.html for mitigation options.
Oct 18 01:26:07 lsmtest kernel: Speculative Return Stack Overflow: Mitigation: safe RET, no microcode
Oct 18 01:26:07 lsmtest kernel: x86/fpu: x87 FPU will use FXSAVE
Oct 18 01:26:07 lsmtest kernel: Freeing SMP alternatives memory: 44K
Oct 18 01:26:07 lsmtest kernel: pid_max: default: 32768 minimum: 301
Oct 18 01:26:07 lsmtest kernel: LSM: initializing lsm=lockdown,capability,yama,skeleton,integrity
Oct 18 01:26:07 lsmtest kernel: Yama: becoming mindful.
Oct 18 01:26:07 lsmtest kernel: Skeleton LSM loaded 
Oct 18 01:26:07 lsmtest kernel: Mount-cache hash table entries: 16384 (order: 5, 131072 bytes, linear)
Oct 18 01:26:07 lsmtest kernel: Mountpoint-cache hash table entries: 16384 (order: 5, 131072 bytes, linear)
Oct 18 01:26:07 lsmtest kernel: smpboot: CPU0: AMD Ryzen 9 7950X3D 16-Core Processor (family: 0x19, model: 0x61, stepping: 0x2)
Oct 18 01:26:07 lsmtest kernel: RCU Tasks: Setting shift to 3 and lim to 1 rcu_task_cb_adjust=1.
Oct 18 01:26:07 lsmtest kernel: RCU Tasks Rude: Setting shift to 3 and lim to 1 rcu_task_cb_adjust=1.
Oct 18 01:26:07 lsmtest kernel: RCU Tasks Trace: Setting shift to 3 and lim to 1 rcu_task_cb_adjust=1.
Oct 18 01:26:07 lsmtest kernel: Performance Events: PMU not available due to virtualization, using software events only.
Oct 18 01:26:07 lsmtest kernel: signal: max sigframe size: 1440
Oct 18 01:26:07 lsmtest kernel: rcu: Hierarchical SRCU implementation.
Oct 18 01:26:07 lsmtest kernel: rcu:         Max phase no-delay instances is 400.
Oct 18 01:26:07 lsmtest kernel: NMI watchdog: Perf NMI watchdog permanently disabled
Oct 18 01:26:07 lsmtest kernel: smp: Bringing up secondary CPUs ...
Oct 18 01:26:07 lsmtest kernel: smpboot: x86: Booting SMP configuration:
Oct 18 01:26:07 lsmtest kernel: .... node  #0, CPUs:      #1 #2 #3 #4 #5
Oct 18 01:26:07 lsmtest kernel: TSC synchronization [CPU#0 -> CPU#1]:
Oct 18 01:26:07 lsmtest kernel: Measured 58716 cycles TSC warp between CPUs, turning off TSC clock.
Oct 18 01:26:07 lsmtest kernel: tsc: Marking TSC unstable due to check_tsc_sync_source failed
Oct 18 01:26:07 lsmtest kernel: smp: Brought up 1 node, 6 CPUs
Oct 18 01:26:07 lsmtest kernel: smpboot: Max logical packages: 1
Oct 18 01:26:07 lsmtest kernel: smpboot: Total of 6 processors activated (50303.85 BogoMIPS)
Oct 18 01:26:07 lsmtest kernel: devtmpfs: initialized
Oct 18 01:26:07 lsmtest kernel: x86/mm: Memory block size: 128MB
Oct 18 01:26:07 lsmtest kernel: clocksource: jiffies: mask: 0xffffffff max_cycles: 0xffffffff, max_idle_ns: 1911260446275000 ns
Oct 18 01:26:07 lsmtest kernel: futex hash table entries: 2048 (order: 5, 131072 bytes, linear)
Oct 18 01:26:07 lsmtest kernel: pinctrl core: initialized pinctrl subsystem
Oct 18 01:26:07 lsmtest kernel: PM: RTC time: 01:26:04, date: 2024-10-18
Oct 18 01:26:07 lsmtest kernel: NET: Registered PF_NETLINK/PF_ROUTE protocol family
Oct 18 01:26:07 lsmtest kernel: DMA: preallocated 1024 KiB GFP_KERNEL pool for atomic allocations
Oct 18 01:26:07 lsmtest kernel: DMA: preallocated 1024 KiB GFP_KERNEL|GFP_DMA pool for atomic allocations
Oct 18 01:26:07 lsmtest kernel: DMA: preallocated 1024 KiB GFP_KERNEL|GFP_DMA32 pool for atomic allocations
Oct 18 01:26:07 lsmtest kernel: audit: initializing netlink subsys (disabled)
Oct 18 01:26:07 lsmtest kernel: audit: type=2000 audit(1729223636.634:1): state=initialized audit_enabled=0 res=1
Oct 18 01:26:07 lsmtest kernel: thermal_sys: Registered thermal governor 'fair_share'
Oct 18 01:26:07 lsmtest kernel: thermal_sys: Registered thermal governor 'bang_bang'
Oct 18 01:26:07 lsmtest kernel: thermal_sys: Registered thermal governor 'step_wise'
Oct 18 01:26:07 lsmtest kernel: thermal_sys: Registered thermal governor 'user_space'
Oct 18 01:26:07 lsmtest kernel: thermal_sys: Registered thermal governor 'power_allocator'
Oct 18 01:26:07 lsmtest kernel: EISA bus registered
Oct 18 01:26:07 lsmtest kernel: cpuidle: using governor ladder
Oct 18 01:26:07 lsmtest kernel: cpuidle: using governor menu
Oct 18 01:26:07 lsmtest kernel: acpiphp: ACPI Hot Plug PCI Controller Driver version: 0.5
Oct 18 01:26:07 lsmtest kernel: PCI: Using configuration type 1 for base access
Oct 18 01:26:07 lsmtest kernel: PCI: Using configuration type 1 for extended access
Oct 18 01:26:07 lsmtest kernel: kprobes: kprobe jump-optimization is enabled. All kprobes are optimized if possible.
Oct 18 01:26:07 lsmtest kernel: HugeTLB: registered 2.00 MiB page size, pre-allocated 0 pages
Oct 18 01:26:07 lsmtest kernel: HugeTLB: 28 KiB vmemmap can be freed for a 2.00 MiB page
Oct 18 01:26:07 lsmtest kernel: ACPI: Added _OSI(Module Device)
Oct 18 01:26:07 lsmtest kernel: ACPI: Added _OSI(Processor Device)
Oct 18 01:26:07 lsmtest kernel: ACPI: Added _OSI(3.0 _SCP Extensions)
Oct 18 01:26:07 lsmtest kernel: ACPI: Added _OSI(Processor Aggregator Device)
Oct 18 01:26:07 lsmtest kernel: ACPI: 2 ACPI AML tables successfully acquired and loaded
Oct 18 01:26:07 lsmtest kernel: ACPI: Interpreter enabled
Oct 18 01:26:07 lsmtest kernel: ACPI: PM: (supports S0 S5)
Oct 18 01:26:07 lsmtest kernel: ACPI: Using IOAPIC for interrupt routing
Oct 18 01:26:07 lsmtest kernel: PCI: Using host bridge windows from ACPI; if necessary, use "pci=nocrs" and report a bug
Oct 18 01:26:07 lsmtest kernel: PCI: Using E820 reservations for host bridge windows
Oct 18 01:26:07 lsmtest kernel: ACPI: Enabled 2 GPEs in block 00 to 07
Oct 18 01:26:07 lsmtest kernel: ACPI: PCI Root Bridge [PCI0] (domain 0000 [bus 00-ff])
Oct 18 01:26:07 lsmtest kernel: acpi PNP0A03:00: _OSC: OS supports [ExtendedConfig ASPM ClockPM Segments MSI EDR HPX-Type3]
Oct 18 01:26:07 lsmtest kernel: acpi PNP0A03:00: _OSC: platform does not support [PCIeCapability LTR DPC]
Oct 18 01:26:07 lsmtest kernel: acpi PNP0A03:00: _OSC: not requesting control; platform does not support [PCIeCapability]
Oct 18 01:26:07 lsmtest kernel: acpi PNP0A03:00: _OSC: OS requested [PCIeHotplug SHPCHotplug PME AER PCIeCapability LTR DPC]
Oct 18 01:26:07 lsmtest kernel: acpi PNP0A03:00: _OSC: platform willing to grant [PCIeHotplug SHPCHotplug PME AER]
Oct 18 01:26:07 lsmtest kernel: acpi PNP0A03:00: _OSC: platform retains control of PCIe features (AE_SUPPORT)
Oct 18 01:26:07 lsmtest kernel: PCI host bridge to bus 0000:00
Oct 18 01:26:07 lsmtest kernel: pci_bus 0000:00: root bus resource [io  0x0000-0x0cf7 window]
Oct 18 01:26:07 lsmtest kernel: pci_bus 0000:00: root bus resource [io  0x0d00-0xffff window]
Oct 18 01:26:07 lsmtest kernel: pci_bus 0000:00: root bus resource [mem 0x000a0000-0x000bffff window]
Oct 18 01:26:07 lsmtest kernel: pci_bus 0000:00: root bus resource [mem 0xe0000000-0xfdffffff window]
Oct 18 01:26:07 lsmtest kernel: pci_bus 0000:00: root bus resource [bus 00-ff]
Oct 18 01:26:07 lsmtest kernel: pci 0000:00:00.0: [8086:1237] type 00 class 0x060000
Oct 18 01:26:07 lsmtest kernel: pci 0000:00:01.0: [8086:7000] type 00 class 0x060100
Oct 18 01:26:07 lsmtest kernel: pci 0000:00:01.1: [8086:7111] type 00 class 0x01018a
Oct 18 01:26:07 lsmtest kernel: pci 0000:00:01.1: reg 0x20: [io  0xd000-0xd00f]
Oct 18 01:26:07 lsmtest kernel: pci 0000:00:01.1: legacy IDE quirk: reg 0x10: [io  0x01f0-0x01f7]
Oct 18 01:26:07 lsmtest kernel: pci 0000:00:01.1: legacy IDE quirk: reg 0x14: [io  0x03f6]
Oct 18 01:26:07 lsmtest kernel: pci 0000:00:01.1: legacy IDE quirk: reg 0x18: [io  0x0170-0x0177]
Oct 18 01:26:07 lsmtest kernel: pci 0000:00:01.1: legacy IDE quirk: reg 0x1c: [io  0x0376]
Oct 18 01:26:07 lsmtest kernel: pci 0000:00:02.0: [15ad:0405] type 00 class 0x030000
Oct 18 01:26:07 lsmtest kernel: pci 0000:00:02.0: reg 0x10: [io  0xd010-0xd01f]
Oct 18 01:26:07 lsmtest kernel: pci 0000:00:02.0: reg 0x14: [mem 0xe0000000-0xe0ffffff pref]
Oct 18 01:26:07 lsmtest kernel: pci 0000:00:02.0: reg 0x18: [mem 0xf0000000-0xf01fffff]
Oct 18 01:26:07 lsmtest kernel: pci 0000:00:02.0: Video device with shadowed ROM at [mem 0x000c0000-0x000dffff]
Oct 18 01:26:07 lsmtest kernel: pci 0000:00:03.0: [8086:100e] type 00 class 0x020000
Oct 18 01:26:07 lsmtest kernel: pci 0000:00:03.0: reg 0x10: [mem 0xf0200000-0xf021ffff]
Oct 18 01:26:07 lsmtest kernel: pci 0000:00:03.0: reg 0x18: [io  0xd020-0xd027]
Oct 18 01:26:07 lsmtest kernel: pci 0000:00:04.0: [80ee:cafe] type 00 class 0x088000
Oct 18 01:26:07 lsmtest kernel: pci 0000:00:04.0: reg 0x10: [io  0xd040-0xd05f]
Oct 18 01:26:07 lsmtest kernel: pci 0000:00:04.0: reg 0x14: [mem 0xf0400000-0xf07fffff]
Oct 18 01:26:07 lsmtest kernel: pci 0000:00:04.0: reg 0x18: [mem 0xf0800000-0xf0803fff pref]
Oct 18 01:26:07 lsmtest kernel: pci 0000:00:05.0: [8086:2415] type 00 class 0x040100
Oct 18 01:26:07 lsmtest kernel: pci 0000:00:05.0: reg 0x10: [io  0xd100-0xd1ff]
Oct 18 01:26:07 lsmtest kernel: pci 0000:00:05.0: reg 0x14: [io  0xd200-0xd23f]
Oct 18 01:26:07 lsmtest kernel: pci 0000:00:06.0: [106b:003f] type 00 class 0x0c0310
Oct 18 01:26:07 lsmtest kernel: pci 0000:00:06.0: reg 0x10: [mem 0xf0804000-0xf0804fff]
Oct 18 01:26:07 lsmtest kernel: pci 0000:00:07.0: [8086:7113] type 00 class 0x068000
Oct 18 01:26:07 lsmtest kernel: pci 0000:00:07.0: quirk: [io  0x4000-0x403f] claimed by PIIX4 ACPI
Oct 18 01:26:07 lsmtest kernel: pci 0000:00:07.0: quirk: [io  0x4100-0x410f] claimed by PIIX4 SMB
Oct 18 01:26:07 lsmtest kernel: pci 0000:00:0b.0: [8086:265c] type 00 class 0x0c0320
Oct 18 01:26:07 lsmtest kernel: pci 0000:00:0b.0: reg 0x10: [mem 0xf0805000-0xf0805fff]
Oct 18 01:26:07 lsmtest kernel: pci 0000:00:0d.0: [8086:2829] type 00 class 0x010601
Oct 18 01:26:07 lsmtest kernel: pci 0000:00:0d.0: reg 0x10: [io  0xd240-0xd247]
Oct 18 01:26:07 lsmtest kernel: pci 0000:00:0d.0: reg 0x14: [io  0xd248-0xd24b]
Oct 18 01:26:07 lsmtest kernel: pci 0000:00:0d.0: reg 0x18: [io  0xd250-0xd257]
Oct 18 01:26:07 lsmtest kernel: pci 0000:00:0d.0: reg 0x1c: [io  0xd258-0xd25b]
Oct 18 01:26:07 lsmtest kernel: pci 0000:00:0d.0: reg 0x20: [io  0xd260-0xd26f]
Oct 18 01:26:07 lsmtest kernel: pci 0000:00:0d.0: reg 0x24: [mem 0xf0806000-0xf0807fff]
Oct 18 01:26:07 lsmtest kernel: ACPI: PCI: Interrupt link LNKA configured for IRQ 11
Oct 18 01:26:07 lsmtest kernel: ACPI: PCI: Interrupt link LNKB configured for IRQ 10
Oct 18 01:26:07 lsmtest kernel: ACPI: PCI: Interrupt link LNKC configured for IRQ 9
Oct 18 01:26:07 lsmtest kernel: ACPI: PCI: Interrupt link LNKD configured for IRQ 11
Oct 18 01:26:07 lsmtest kernel: iommu: Default domain type: Translated
Oct 18 01:26:07 lsmtest kernel: iommu: DMA domain TLB invalidation policy: lazy mode
Oct 18 01:26:07 lsmtest kernel: SCSI subsystem initialized
Oct 18 01:26:07 lsmtest kernel: libata version 3.00 loaded.
Oct 18 01:26:07 lsmtest kernel: ACPI: bus type USB registered
Oct 18 01:26:07 lsmtest kernel: usbcore: registered new interface driver usbfs
Oct 18 01:26:07 lsmtest kernel: usbcore: registered new interface driver hub
Oct 18 01:26:07 lsmtest kernel: usbcore: registered new device driver usb
Oct 18 01:26:07 lsmtest kernel: pps_core: LinuxPPS API ver. 1 registered
Oct 18 01:26:07 lsmtest kernel: pps_core: Software ver. 5.3.6 - Copyright 2005-2007 Rodolfo Giometti <giometti@linux.it>
Oct 18 01:26:07 lsmtest kernel: PTP clock support registered
Oct 18 01:26:07 lsmtest kernel: EDAC MC: Ver: 3.0.0
Oct 18 01:26:07 lsmtest kernel: NetLabel: Initializing
Oct 18 01:26:07 lsmtest kernel: NetLabel:  domain hash size = 128
Oct 18 01:26:07 lsmtest kernel: NetLabel:  protocols = UNLABELED CIPSOv4 CALIPSO
Oct 18 01:26:07 lsmtest kernel: NetLabel:  unlabeled traffic allowed by default
Oct 18 01:26:07 lsmtest kernel: mctp: management component transport protocol core
Oct 18 01:26:07 lsmtest kernel: NET: Registered PF_MCTP protocol family
Oct 18 01:26:07 lsmtest kernel: PCI: Using ACPI for IRQ routing
Oct 18 01:26:07 lsmtest kernel: PCI: pci_cache_line_size set to 64 bytes
Oct 18 01:26:07 lsmtest kernel: e820: reserve RAM buffer [mem 0x0009fc00-0x0009ffff]
Oct 18 01:26:07 lsmtest kernel: e820: reserve RAM buffer [mem 0xdfff0000-0xdfffffff]
Oct 18 01:26:07 lsmtest kernel: pci 0000:00:02.0: vgaarb: setting as boot VGA device
Oct 18 01:26:07 lsmtest kernel: pci 0000:00:02.0: vgaarb: bridge control possible
Oct 18 01:26:07 lsmtest kernel: pci 0000:00:02.0: vgaarb: VGA device added: decodes=io+mem,owns=io+mem,locks=none
Oct 18 01:26:07 lsmtest kernel: vgaarb: loaded
Oct 18 01:26:07 lsmtest kernel: clocksource: Switched to clocksource kvm-clock
Oct 18 01:26:07 lsmtest kernel: VFS: Disk quotas dquot_6.6.0
Oct 18 01:26:07 lsmtest kernel: VFS: Dquot-cache hash table entries: 512 (order 0, 4096 bytes)
Oct 18 01:26:07 lsmtest kernel: FS-Cache: Loaded
Oct 18 01:26:07 lsmtest kernel: pnp: PnP ACPI init
Oct 18 01:26:07 lsmtest kernel: pnp: PnP ACPI: found 2 devices
Oct 18 01:26:07 lsmtest kernel: clocksource: acpi_pm: mask: 0xffffff max_cycles: 0xffffff, max_idle_ns: 2085701024 ns
Oct 18 01:26:07 lsmtest kernel: NET: Registered PF_INET protocol family
Oct 18 01:26:07 lsmtest kernel: IP idents hash table entries: 131072 (order: 8, 1048576 bytes, linear)
Oct 18 01:26:07 lsmtest kernel: tcp_listen_portaddr_hash hash table entries: 4096 (order: 4, 65536 bytes, linear)
Oct 18 01:26:07 lsmtest kernel: Table-perturb hash table entries: 65536 (order: 6, 262144 bytes, linear)
Oct 18 01:26:07 lsmtest kernel: TCP established hash table entries: 65536 (order: 7, 524288 bytes, linear)
Oct 18 01:26:07 lsmtest kernel: TCP bind hash table entries: 65536 (order: 9, 2097152 bytes, linear)
Oct 18 01:26:07 lsmtest kernel: TCP: Hash tables configured (established 65536 bind 65536)
Oct 18 01:26:07 lsmtest kernel: MPTCP token hash table entries: 8192 (order: 5, 196608 bytes, linear)
Oct 18 01:26:07 lsmtest kernel: UDP hash table entries: 4096 (order: 5, 131072 bytes, linear)
Oct 18 01:26:07 lsmtest kernel: UDP-Lite hash table entries: 4096 (order: 5, 131072 bytes, linear)
Oct 18 01:26:07 lsmtest kernel: NET: Registered PF_UNIX/PF_LOCAL protocol family
Oct 18 01:26:07 lsmtest kernel: NET: Registered PF_XDP protocol family
Oct 18 01:26:07 lsmtest kernel: pci_bus 0000:00: resource 4 [io  0x0000-0x0cf7 window]
Oct 18 01:26:07 lsmtest kernel: pci_bus 0000:00: resource 5 [io  0x0d00-0xffff window]
Oct 18 01:26:07 lsmtest kernel: pci_bus 0000:00: resource 6 [mem 0x000a0000-0x000bffff window]
Oct 18 01:26:07 lsmtest kernel: pci_bus 0000:00: resource 7 [mem 0xe0000000-0xfdffffff window]
Oct 18 01:26:07 lsmtest kernel: pci 0000:00:00.0: Limiting direct PCI/PCI transfers
Oct 18 01:26:07 lsmtest kernel: PCI: CLS 0 bytes, default 64
Oct 18 01:26:07 lsmtest kernel: PCI-DMA: Using software bounce buffering for IO (SWIOTLB)
Oct 18 01:26:07 lsmtest kernel: software IO TLB: mapped [mem 0x00000000dbff0000-0x00000000dfff0000] (64MB)
Oct 18 01:26:07 lsmtest kernel: Trying to unpack rootfs image as initramfs...
Oct 18 01:26:07 lsmtest kernel: platform rtc_cmos: registered platform RTC device (no PNP device found)
Oct 18 01:26:07 lsmtest kernel: Initialise system trusted keyrings
Oct 18 01:26:07 lsmtest kernel: Key type blacklist registered
Oct 18 01:26:07 lsmtest kernel: workingset: timestamp_bits=36 max_order=21 bucket_order=0
Oct 18 01:26:07 lsmtest kernel: zbud: loaded
Oct 18 01:26:07 lsmtest kernel: squashfs: version 4.0 (2009/01/31) Phillip Lougher
Oct 18 01:26:07 lsmtest kernel: fuse: init (API version 7.38)
Oct 18 01:26:07 lsmtest kernel: integrity: Platform Keyring initialized
Oct 18 01:26:07 lsmtest kernel: integrity: Machine keyring initialized
Oct 18 01:26:07 lsmtest kernel: Key type asymmetric registered
Oct 18 01:26:07 lsmtest kernel: Asymmetric key parser 'x509' registered
Oct 18 01:26:07 lsmtest kernel: Block layer SCSI generic (bsg) driver version 0.4 loaded (major 243)
Oct 18 01:26:07 lsmtest kernel: io scheduler mq-deadline registered
Oct 18 01:26:07 lsmtest kernel: shpchp: Standard Hot Plug PCI Controller Driver version: 0.4
Oct 18 01:26:07 lsmtest kernel: ACPI: AC: AC Adapter [AC] (on-line)
Oct 18 01:26:07 lsmtest kernel: input: Power Button as /devices/LNXSYSTM:00/LNXPWRBN:00/input/input0
Oct 18 01:26:07 lsmtest kernel: ACPI: button: Power Button [PWRF]
Oct 18 01:26:07 lsmtest kernel: input: Sleep Button as /devices/LNXSYSTM:00/LNXSLPBN:00/input/input1
Oct 18 01:26:07 lsmtest kernel: ACPI: button: Sleep Button [SLPF]
Oct 18 01:26:07 lsmtest kernel: Serial: 8250/16550 driver, 32 ports, IRQ sharing enabled
Oct 18 01:26:07 lsmtest kernel: Linux agpgart interface v0.103
Oct 18 01:26:07 lsmtest kernel: ACPI: bus type drm_connector registered
Oct 18 01:26:07 lsmtest kernel: loop: module loaded
Oct 18 01:26:07 lsmtest kernel: ata_piix 0000:00:01.1: version 2.13
Oct 18 01:26:07 lsmtest kernel: scsi host0: ata_piix
Oct 18 01:26:07 lsmtest kernel: scsi host1: ata_piix
Oct 18 01:26:07 lsmtest kernel: ata1: PATA max UDMA/33 cmd 0x1f0 ctl 0x3f6 bmdma 0xd000 irq 14
Oct 18 01:26:07 lsmtest kernel: ata2: PATA max UDMA/33 cmd 0x170 ctl 0x376 bmdma 0xd008 irq 15
Oct 18 01:26:07 lsmtest kernel: tun: Universal TUN/TAP device driver, 1.6
Oct 18 01:26:07 lsmtest kernel: PPP generic driver version 2.4.2
Oct 18 01:26:07 lsmtest kernel: ohci-pci 0000:00:06.0: OHCI PCI host controller
Oct 18 01:26:07 lsmtest kernel: ohci-pci 0000:00:06.0: new USB bus registered, assigned bus number 1
Oct 18 01:26:07 lsmtest kernel: ohci-pci 0000:00:06.0: irq 22, io mem 0xf0804000
Oct 18 01:26:07 lsmtest kernel: usb usb1: New USB device found, idVendor=1d6b, idProduct=0001, bcdDevice= 6.05
Oct 18 01:26:07 lsmtest kernel: usb usb1: New USB device strings: Mfr=3, Product=2, SerialNumber=1
Oct 18 01:26:07 lsmtest kernel: usb usb1: Product: OHCI PCI host controller
Oct 18 01:26:07 lsmtest kernel: usb usb1: Manufacturer: Linux 6.5.6 ohci_hcd
Oct 18 01:26:07 lsmtest kernel: usb usb1: SerialNumber: 0000:00:06.0
Oct 18 01:26:07 lsmtest kernel: ata2.00: ATAPI: VBOX CD-ROM, 1.0, max UDMA/133
Oct 18 01:26:07 lsmtest kernel: hub 1-0:1.0: USB hub found
Oct 18 01:26:07 lsmtest kernel: hub 1-0:1.0: 12 ports detected
Oct 18 01:26:07 lsmtest kernel: ehci-pci 0000:00:0b.0: EHCI Host Controller
Oct 18 01:26:07 lsmtest kernel: ehci-pci 0000:00:0b.0: new USB bus registered, assigned bus number 2
Oct 18 01:26:07 lsmtest kernel: i8042: PNP: PS/2 Controller [PNP0303:PS2K,PNP0f03:PS2M] at 0x60,0x64 irq 1,12
Oct 18 01:26:07 lsmtest kernel: ehci-pci 0000:00:0b.0: irq 19, io mem 0xf0805000
Oct 18 01:26:07 lsmtest kernel: serio: i8042 KBD port at 0x60,0x64 irq 1
Oct 18 01:26:07 lsmtest kernel: serio: i8042 AUX port at 0x60,0x64 irq 12
Oct 18 01:26:07 lsmtest kernel: mousedev: PS/2 mouse device common for all mice
Oct 18 01:26:07 lsmtest kernel: input: AT Translated Set 2 keyboard as /devices/platform/i8042/serio0/input/input2
Oct 18 01:26:07 lsmtest kernel: rtc_cmos rtc_cmos: registered as rtc0
Oct 18 01:26:07 lsmtest kernel: rtc_cmos rtc_cmos: setting system clock to 2024-10-18T01:26:04 UTC (1729214764)
Oct 18 01:26:07 lsmtest kernel: rtc_cmos rtc_cmos: alarms up to one day, 114 bytes nvram
Oct 18 01:26:07 lsmtest kernel: i2c_dev: i2c /dev entries driver
Oct 18 01:26:07 lsmtest kernel: device-mapper: core: CONFIG_IMA_DISABLE_HTABLE is disabled. Duplicate IMA measurements will not be recorded in the IMA log.
Oct 18 01:26:07 lsmtest kernel: device-mapper: uevent: version 1.0.3
Oct 18 01:26:07 lsmtest kernel: device-mapper: ioctl: 4.48.0-ioctl (2023-03-01) initialised: dm-devel@redhat.com
Oct 18 01:26:07 lsmtest kernel: platform eisa.0: Probing EISA bus 0
Oct 18 01:26:07 lsmtest kernel: platform eisa.0: EISA: Cannot allocate resource for mainboard
Oct 18 01:26:07 lsmtest kernel: platform eisa.0: Cannot allocate resource for EISA slot 1
Oct 18 01:26:07 lsmtest kernel: platform eisa.0: Cannot allocate resource for EISA slot 2
Oct 18 01:26:07 lsmtest kernel: platform eisa.0: Cannot allocate resource for EISA slot 3
Oct 18 01:26:07 lsmtest kernel: platform eisa.0: Cannot allocate resource for EISA slot 4
Oct 18 01:26:07 lsmtest kernel: platform eisa.0: Cannot allocate resource for EISA slot 5
Oct 18 01:26:07 lsmtest kernel: platform eisa.0: Cannot allocate resource for EISA slot 6
Oct 18 01:26:07 lsmtest kernel: platform eisa.0: Cannot allocate resource for EISA slot 7
Oct 18 01:26:07 lsmtest kernel: platform eisa.0: Cannot allocate resource for EISA slot 8
Oct 18 01:26:07 lsmtest kernel: platform eisa.0: EISA: Detected 0 cards
Oct 18 01:26:07 lsmtest kernel: amd_pstate: the _CPC object is not present in SBIOS or ACPI disabled
Oct 18 01:26:07 lsmtest kernel: ehci-pci 0000:00:0b.0: USB 2.0 started, EHCI 1.00
Oct 18 01:26:07 lsmtest kernel: usb usb2: New USB device found, idVendor=1d6b, idProduct=0002, bcdDevice= 6.05
Oct 18 01:26:07 lsmtest kernel: usb usb2: New USB device strings: Mfr=3, Product=2, SerialNumber=1
Oct 18 01:26:07 lsmtest kernel: usb usb2: Product: EHCI Host Controller
Oct 18 01:26:07 lsmtest kernel: usb usb2: Manufacturer: Linux 6.5.6 ehci_hcd
Oct 18 01:26:07 lsmtest kernel: usb usb2: SerialNumber: 0000:00:0b.0
Oct 18 01:26:07 lsmtest kernel: hub 2-0:1.0: USB hub found
Oct 18 01:26:07 lsmtest kernel: hub 2-0:1.0: 12 ports detected
Oct 18 01:26:07 lsmtest kernel: ledtrig-cpu: registered to indicate activity on CPUs
Oct 18 01:26:07 lsmtest kernel: drop_monitor: Initializing network drop monitor service
Oct 18 01:26:07 lsmtest kernel: scsi 1:0:0:0: CD-ROM            VBOX     CD-ROM           1.0  PQ: 0 ANSI: 5
Oct 18 01:26:07 lsmtest kernel: NET: Registered PF_INET6 protocol family
Oct 18 01:26:07 lsmtest kernel: Freeing initrd memory: 432356K
Oct 18 01:26:07 lsmtest kernel: SKELETON LSM check of /sbin/modprobe
Oct 18 01:26:07 lsmtest kernel: sr 1:0:0:0: [sr0] scsi3-mmc drive: 32x/32x xa/form2 tray
Oct 18 01:26:07 lsmtest kernel: cdrom: Uniform CD-ROM driver Revision: 3.20
Oct 18 01:26:07 lsmtest kernel: SKELETON LSM check of /sbin/modprobe
Oct 18 01:26:07 lsmtest kernel: SKELETON LSM check of /sbin/modprobe
Oct 18 01:26:07 lsmtest kernel: SKELETON LSM check of /sbin/modprobe
Oct 18 01:26:07 lsmtest kernel: Segment Routing with IPv6
Oct 18 01:26:07 lsmtest kernel: In-situ OAM (IOAM) with IPv6
Oct 18 01:26:07 lsmtest kernel: NET: Registered PF_PACKET protocol family
Oct 18 01:26:07 lsmtest kernel: Key type dns_resolver registered
Oct 18 01:26:07 lsmtest kernel: IPI shorthand broadcast: enabled
Oct 18 01:26:07 lsmtest kernel: sched_clock: Marking stable (612624713, 38619673)->(729697804, -78453418)
Oct 18 01:26:07 lsmtest kernel: registered taskstats version 1
Oct 18 01:26:07 lsmtest kernel: sr 1:0:0:0: Attached scsi CD-ROM sr0
Oct 18 01:26:07 lsmtest kernel: Loading compiled-in X.509 certificates
Oct 18 01:26:07 lsmtest kernel: sr 1:0:0:0: Attached scsi generic sg0 type 5
Oct 18 01:26:07 lsmtest kernel: Loaded X.509 cert 'Build time autogenerated kernel key: 96dfbbf2b39d17842a8b7dd8464cca2ceb47d2ee'
Oct 18 01:26:07 lsmtest kernel: Key type .fscrypt registered
Oct 18 01:26:07 lsmtest kernel: Key type fscrypt-provisioning registered
Oct 18 01:26:07 lsmtest kernel: SKELETON LSM check of /sbin/modprobe
Oct 18 01:26:07 lsmtest kernel: SKELETON LSM check of /sbin/modprobe
Oct 18 01:26:07 lsmtest kernel: Key type encrypted registered
Oct 18 01:26:07 lsmtest kernel: ima: No TPM chip found, activating TPM-bypass!
Oct 18 01:26:07 lsmtest kernel: Loading compiled-in module X.509 certificates
Oct 18 01:26:07 lsmtest kernel: Loaded X.509 cert 'Build time autogenerated kernel key: 96dfbbf2b39d17842a8b7dd8464cca2ceb47d2ee'
Oct 18 01:26:07 lsmtest kernel: ima: Allocated hash algorithm: sha256
Oct 18 01:26:07 lsmtest kernel: ima: No architecture policies found
Oct 18 01:26:07 lsmtest kernel: evm: Initialising EVM extended attributes:
Oct 18 01:26:07 lsmtest kernel: evm: security.selinux (disabled)
Oct 18 01:26:07 lsmtest kernel: evm: security.SMACK64 (disabled)
Oct 18 01:26:07 lsmtest kernel: evm: security.SMACK64EXEC (disabled)
Oct 18 01:26:07 lsmtest kernel: evm: security.SMACK64TRANSMUTE (disabled)
Oct 18 01:26:07 lsmtest kernel: evm: security.SMACK64MMAP (disabled)
Oct 18 01:26:07 lsmtest kernel: evm: security.apparmor (disabled)
Oct 18 01:26:07 lsmtest kernel: evm: security.ima
Oct 18 01:26:07 lsmtest kernel: evm: security.capability
Oct 18 01:26:07 lsmtest kernel: evm: HMAC attrs: 0x1
Oct 18 01:26:07 lsmtest kernel: PM:   Magic number: 12:853:407
Oct 18 01:26:07 lsmtest kernel: platform ACPI0003:00: hash matches
Oct 18 01:26:07 lsmtest kernel: ac ACPI0003:00: hash matches
Oct 18 01:26:07 lsmtest kernel: RAS: Correctable Errors collector initialized.
Oct 18 01:26:07 lsmtest kernel: clk: Disabling unused clocks
Oct 18 01:26:07 lsmtest kernel: Freeing unused decrypted memory: 2036K
Oct 18 01:26:07 lsmtest kernel: Freeing unused kernel image (initmem) memory: 4684K
Oct 18 01:26:07 lsmtest kernel: Write protecting the kernel read-only data: 34816k
Oct 18 01:26:07 lsmtest kernel: Freeing unused kernel image (rodata/data gap) memory: 1604K
Oct 18 01:26:07 lsmtest kernel: x86/mm: Checked W+X mappings: passed, no W+X pages found.
Oct 18 01:26:07 lsmtest kernel: Run /init as init process
Oct 18 01:26:07 lsmtest kernel:   with arguments:
Oct 18 01:26:07 lsmtest kernel:     /init
Oct 18 01:26:07 lsmtest kernel:     splash
Oct 18 01:26:07 lsmtest kernel:   with environment:
Oct 18 01:26:07 lsmtest kernel:     HOME=/
Oct 18 01:26:07 lsmtest kernel:     TERM=linux
Oct 18 01:26:07 lsmtest kernel:     BOOT_IMAGE=/boot/vmlinuz-6.5.6
Oct 18 01:26:07 lsmtest kernel: SKELETON LSM check of /init
Oct 18 01:26:07 lsmtest kernel: SKELETON LSM check of /init
Oct 18 01:26:07 lsmtest kernel: SKELETON LSM check of /usr/bin/mount
Oct 18 01:26:07 lsmtest kernel: SKELETON LSM check of /usr/bin/mount
Oct 18 01:26:07 lsmtest kernel: SKELETON LSM check of /proc/self/exe
Oct 18 01:26:07 lsmtest kernel: SKELETON LSM check of /proc/self/exe
Oct 18 01:26:07 lsmtest kernel: SKELETON LSM check of /proc/self/exe
Oct 18 01:26:07 lsmtest kernel: SKELETON LSM check of /proc/self/exe
Oct 18 01:26:07 lsmtest kernel: SKELETON LSM check of /proc/self/exe
Oct 18 01:26:07 lsmtest kernel: SKELETON LSM check of /scripts/init-top/all_generic_ide
Oct 18 01:26:07 lsmtest kernel: SKELETON LSM check of /scripts/init-top/all_generic_ide
Oct 18 01:26:07 lsmtest kernel: SKELETON LSM check of /proc/self/exe
Oct 18 01:26:07 lsmtest kernel: SKELETON LSM check of /scripts/init-top/blacklist
Oct 18 01:26:07 lsmtest kernel: SKELETON LSM check of /scripts/init-top/blacklist
Oct 18 01:26:07 lsmtest kernel: SKELETON LSM check of /proc/self/exe
Oct 18 01:26:07 lsmtest kernel: SKELETON LSM check of /scripts/init-top/udev
Oct 18 01:26:07 lsmtest kernel: SKELETON LSM check of /scripts/init-top/udev
Oct 18 01:26:07 lsmtest kernel: SKELETON LSM check of /usr/lib/systemd/systemd-udevd
Oct 18 01:26:07 lsmtest kernel: SKELETON LSM check of /usr/bin/udevadm
Oct 18 01:26:07 lsmtest kernel: SKELETON LSM check of /usr/bin/udevadm
Oct 18 01:26:07 lsmtest kernel: SKELETON LSM check of /usr/bin/udevadm
Oct 18 01:26:07 lsmtest kernel: ACPI: video: Video Device [GFX0] (multi-head: yes  rom: no  post: no)
Oct 18 01:26:07 lsmtest kernel: input: Video Bus as /devices/LNXSYSTM:00/LNXSYBUS:00/PNP0A03:00/LNXVIDEO:00/input/input4
Oct 18 01:26:07 lsmtest kernel: e1000: Intel(R) PRO/1000 Network Driver
Oct 18 01:26:07 lsmtest kernel: e1000: Copyright (c) 1999-2006 Intel Corporation.
Oct 18 01:26:07 lsmtest kernel: ahci 0000:00:0d.0: version 3.0
Oct 18 01:26:07 lsmtest kernel: ahci 0000:00:0d.0: SSS flag set, parallel bus scan disabled
Oct 18 01:26:07 lsmtest kernel: ahci 0000:00:0d.0: AHCI 0001.0100 32 slots 1 ports 3 Gbps 0x1 impl SATA mode
Oct 18 01:26:07 lsmtest kernel: ahci 0000:00:0d.0: flags: 64bit ncq stag only ccc 
Oct 18 01:26:07 lsmtest kernel: scsi host2: ahci
Oct 18 01:26:07 lsmtest kernel: ata3: SATA max UDMA/133 abar m8192@0xf0806000 port 0xf0806100 irq 21
Oct 18 01:26:07 lsmtest kernel: usb 1-1: new full-speed USB device number 2 using ohci-pci
Oct 18 01:26:07 lsmtest kernel: SKELETON LSM check of /usr/lib/udev/ata_id
Oct 18 01:26:07 lsmtest kernel: ata3: SATA link up 3.0 Gbps (SStatus 123 SControl 300)
Oct 18 01:26:07 lsmtest kernel: ata3.00: ATA-6: VBOX HARDDISK, 1.0, max UDMA/133
Oct 18 01:26:07 lsmtest kernel: ata3.00: 125829120 sectors, multi 128: LBA48 NCQ (depth 32)
Oct 18 01:26:07 lsmtest kernel: ata3.00: configured for UDMA/133
Oct 18 01:26:07 lsmtest kernel: scsi 2:0:0:0: Direct-Access     ATA      VBOX HARDDISK    1.0  PQ: 0 ANSI: 5
Oct 18 01:26:07 lsmtest kernel: sd 2:0:0:0: Attached scsi generic sg1 type 0
Oct 18 01:26:07 lsmtest kernel: sd 2:0:0:0: [sda] 125829120 512-byte logical blocks: (64.4 GB/60.0 GiB)
Oct 18 01:26:07 lsmtest kernel: sd 2:0:0:0: [sda] Write Protect is off
Oct 18 01:26:07 lsmtest kernel: sd 2:0:0:0: [sda] Mode Sense: 00 3a 00 00
Oct 18 01:26:07 lsmtest kernel: sd 2:0:0:0: [sda] Write cache: enabled, read cache: enabled, doesn't support DPO or FUA
Oct 18 01:26:07 lsmtest kernel: sd 2:0:0:0: [sda] Preferred minimum I/O size 512 bytes
Oct 18 01:26:07 lsmtest kernel: usb 1-1: New USB device found, idVendor=80ee, idProduct=0021, bcdDevice= 1.00
Oct 18 01:26:07 lsmtest kernel: usb 1-1: New USB device strings: Mfr=1, Product=3, SerialNumber=0
Oct 18 01:26:07 lsmtest kernel: usb 1-1: Product: USB Tablet
Oct 18 01:26:07 lsmtest kernel: usb 1-1: Manufacturer: VirtualBox
Oct 18 01:26:07 lsmtest kernel:  sda: sda1 sda2
Oct 18 01:26:07 lsmtest kernel: sd 2:0:0:0: [sda] Attached SCSI disk
Oct 18 01:26:07 lsmtest kernel: SKELETON LSM check of /usr/lib/udev/ata_id
Oct 18 01:26:07 lsmtest kernel: hid: raw HID events driver (C) Jiri Kosina
Oct 18 01:26:07 lsmtest kernel: input: ImExPS/2 Generic Explorer Mouse as /devices/platform/i8042/serio1/input/input5
Oct 18 01:26:07 lsmtest kernel: usbcore: registered new interface driver usbhid
Oct 18 01:26:07 lsmtest kernel: usbhid: USB HID core driver
Oct 18 01:26:07 lsmtest kernel: input: VirtualBox USB Tablet as /devices/pci0000:00/0000:00:06.0/usb1/1-1/1-1:1.0/0003:80EE:0021.0001/input/input6
Oct 18 01:26:07 lsmtest kernel: hid-generic 0003:80EE:0021.0001: input,hidraw0: USB HID v1.10 Mouse [VirtualBox USB Tablet] on usb-0000:00:06.0-1/input0
Oct 18 01:26:07 lsmtest kernel: e1000 0000:00:03.0 eth0: (PCI:33MHz:32-bit) 08:00:27:0d:be:c0
Oct 18 01:26:07 lsmtest kernel: e1000 0000:00:03.0 eth0: Intel(R) PRO/1000 Network Connection
Oct 18 01:26:07 lsmtest kernel: e1000 0000:00:03.0 enp0s3: renamed from eth0
Oct 18 01:26:07 lsmtest kernel: SKELETON LSM check of /scripts/init-top/framebuffer
Oct 18 01:26:07 lsmtest kernel: SKELETON LSM check of /scripts/init-top/framebuffer
Oct 18 01:26:07 lsmtest kernel: SKELETON LSM check of /proc/self/exe
Oct 18 01:26:07 lsmtest kernel: SKELETON LSM check of /usr/bin/udevadm
Oct 18 01:26:07 lsmtest kernel: SKELETON LSM check of /usr/sbin/modprobe
Oct 18 01:26:07 lsmtest kernel: SKELETON LSM check of /usr/bin/udevadm
Oct 18 01:26:07 lsmtest kernel: SKELETON LSM check of /proc/self/exe
Oct 18 01:26:07 lsmtest kernel: SKELETON LSM check of /scripts/init-top/console_setup
Oct 18 01:26:07 lsmtest kernel: SKELETON LSM check of /scripts/init-top/console_setup
Oct 18 01:26:07 lsmtest kernel: SKELETON LSM check of /usr/bin/setfont
Oct 18 01:26:07 lsmtest kernel: SKELETON LSM check of /bin/sh
Oct 18 01:26:07 lsmtest kernel: SKELETON LSM check of /proc/self/exe
Oct 18 01:26:07 lsmtest kernel: SKELETON LSM check of /usr/bin/kbd_mode
Oct 18 01:26:07 lsmtest kernel: SKELETON LSM check of /usr/bin/loadkeys
Oct 18 01:26:07 lsmtest kernel: SKELETON LSM check of /bin/sh
Oct 18 01:26:07 lsmtest kernel: SKELETON LSM check of /proc/self/exe
Oct 18 01:26:07 lsmtest kernel: SKELETON LSM check of /proc/self/exe
Oct 18 01:26:07 lsmtest kernel: SKELETON LSM check of /scripts/init-premount/plymouth
Oct 18 01:26:07 lsmtest kernel: SKELETON LSM check of /scripts/init-premount/plymouth
Oct 18 01:26:07 lsmtest kernel: SKELETON LSM check of /proc/self/exe
Oct 18 01:26:07 lsmtest kernel: SKELETON LSM check of /usr/sbin/plymouthd
Oct 18 01:26:07 lsmtest kernel: SKELETON LSM check of /usr/bin/plymouth
Oct 18 01:26:07 lsmtest kernel: SKELETON LSM check of /scripts/init-premount/brltty
Oct 18 01:26:07 lsmtest kernel: SKELETON LSM check of /scripts/init-premount/brltty
Oct 18 01:26:07 lsmtest kernel: SKELETON LSM check of /scripts/local-premount/fixrtc
Oct 18 01:26:07 lsmtest kernel: SKELETON LSM check of /scripts/local-premount/fixrtc
Oct 18 01:26:07 lsmtest kernel: SKELETON LSM check of /proc/self/exe
Oct 18 01:26:07 lsmtest kernel: SKELETON LSM check of /scripts/local-premount/ntfs_3g
Oct 18 01:26:07 lsmtest kernel: SKELETON LSM check of /scripts/local-premount/ntfs_3g
Oct 18 01:26:07 lsmtest kernel: SKELETON LSM check of /scripts/local-premount/resume
Oct 18 01:26:07 lsmtest kernel: SKELETON LSM check of /scripts/local-premount/resume
Oct 18 01:26:07 lsmtest kernel: SKELETON LSM check of /usr/sbin/wait-for-root
Oct 18 01:26:07 lsmtest kernel: SKELETON LSM check of /usr/sbin/blkid
Oct 18 01:26:07 lsmtest kernel: SKELETON LSM check of /usr/sbin/blkid
Oct 18 01:26:07 lsmtest kernel: SKELETON LSM check of /usr/sbin/blkid
Oct 18 01:26:07 lsmtest kernel: SKELETON LSM check of /usr/sbin/blkid
Oct 18 01:26:07 lsmtest kernel: SKELETON LSM check of /usr/sbin/blkid
Oct 18 01:26:07 lsmtest kernel: SKELETON LSM check of /usr/sbin/logsave
Oct 18 01:26:07 lsmtest kernel: SKELETON LSM check of /usr/sbin/fsck
Oct 18 01:26:07 lsmtest kernel: SKELETON LSM check of /usr/sbin/fsck.ext4
Oct 18 01:26:07 lsmtest kernel: SKELETON LSM check of /proc/self/exe
Oct 18 01:26:07 lsmtest kernel: EXT4-fs (sda2): mounted filesystem 24a35fab-19de-4835-bc2b-9fb6e805e455 ro with ordered data mode. Quota mode: none.
Oct 18 01:26:07 lsmtest kernel: SKELETON LSM check of /scripts/local-bottom/ntfs_3g
Oct 18 01:26:07 lsmtest kernel: SKELETON LSM check of /scripts/local-bottom/ntfs_3g
Oct 18 01:26:07 lsmtest kernel: SKELETON LSM check of /scripts/init-bottom/udev
Oct 18 01:26:07 lsmtest kernel: SKELETON LSM check of /scripts/init-bottom/udev
Oct 18 01:26:07 lsmtest kernel: SKELETON LSM check of /usr/bin/udevadm
Oct 18 01:26:07 lsmtest kernel: SKELETON LSM check of /proc/self/exe
Oct 18 01:26:07 lsmtest kernel: SKELETON LSM check of /scripts/init-bottom/plymouth
Oct 18 01:26:07 lsmtest kernel: SKELETON LSM check of /scripts/init-bottom/plymouth
Oct 18 01:26:07 lsmtest kernel: SKELETON LSM check of /usr/bin/plymouth
Oct 18 01:26:07 lsmtest kernel: SKELETON LSM check of /proc/self/exe
Oct 18 01:26:07 lsmtest kernel: SKELETON LSM check of /proc/self/exe
Oct 18 01:26:07 lsmtest kernel: SKELETON LSM check of /proc/self/exe
Oct 18 01:26:07 lsmtest kernel: SKELETON LSM check of /proc/self/exe
Oct 18 01:26:07 lsmtest kernel: SKELETON LSM check of /proc/self/exe
Oct 18 01:26:07 lsmtest kernel: SKELETON LSM check of /usr/bin/run-init
Oct 18 01:26:07 lsmtest kernel: SKELETON LSM check of /sbin/init
Oct 18 01:26:07 lsmtest systemd[1]: Inserted module 'autofs4'
Oct 18 01:26:07 lsmtest kernel: SKELETON LSM check of /sbin/modprobe
Oct 18 01:26:07 lsmtest systemd[1]: systemd 255.4-1ubuntu8.4 running in system mode (+PAM +AUDIT +SELINUX +APPARMOR +IMA +SMACK +SECCOMP +GCRYPT -GNUTLS +OPENSSL +ACL +BLKID +CURL +ELFUTILS +FIDO2 +IDN2 -IDN +IPTC +KMOD +LIBCRYPTSETUP +LIBFDISK +PCRE2 -PWQUALITY +P11KIT +QRENCODE +TPM2 +BZIP2 +LZ4 +XZ +ZLIB +ZSTD -BPF_FRAMEWORK -XKBCOMMON +UTMP +SYSVINIT default-hierarchy=unified)
Oct 18 01:26:07 lsmtest systemd[1]: Detected virtualization oracle.
Oct 18 01:26:07 lsmtest systemd[1]: Detected architecture x86-64.
Oct 18 01:26:07 lsmtest systemd[1]: Invalid DMI field header.
Oct 18 01:26:07 lsmtest systemd[1]: Hostname set to <lsmtest>.
Oct 18 01:26:07 lsmtest kernel: SKELETON LSM check of /usr/lib/systemd/system-environment-generators/snapd-env-generator
Oct 18 01:26:07 lsmtest kernel: SKELETON LSM check of /usr/lib/systemd/system-generators/cloud-init-generator
Oct 18 01:26:07 lsmtest kernel: SKELETON LSM check of /usr/lib/systemd/system-generators/snapd-generator
Oct 18 01:26:07 lsmtest kernel: SKELETON LSM check of /usr/lib/systemd/system-generators/friendly-recovery
Oct 18 01:26:07 lsmtest kernel: SKELETON LSM check of /usr/lib/systemd/system-generators/openvpn-generator
Oct 18 01:26:07 lsmtest kernel: SKELETON LSM check of /usr/lib/systemd/system-generators/systemd-cryptsetup-generator
Oct 18 01:26:07 lsmtest kernel: SKELETON LSM check of /usr/lib/systemd/system-generators/systemd-fstab-generator
Oct 18 01:26:07 lsmtest kernel: SKELETON LSM check of /usr/lib/systemd/system-generators/systemd-debug-generator
Oct 18 01:26:07 lsmtest kernel: SKELETON LSM check of /usr/lib/systemd/system-generators/netplan
Oct 18 01:26:07 lsmtest kernel: SKELETON LSM check of /usr/lib/systemd/system-generators/systemd-getty-generator
Oct 18 01:26:07 lsmtest kernel: SKELETON LSM check of /usr/lib/systemd/system-generators/systemd-hibernate-resume-generator
Oct 18 01:26:07 lsmtest kernel: SKELETON LSM check of /usr/lib/systemd/system-generators/systemd-run-generator
Oct 18 01:26:07 lsmtest kernel: SKELETON LSM check of /usr/lib/systemd/system-generators/friendly-recovery
Oct 18 01:26:07 lsmtest kernel: SKELETON LSM check of /usr/lib/systemd/system-generators/systemd-rc-local-generator
Oct 18 01:26:07 lsmtest kernel: SKELETON LSM check of /usr/lib/systemd/system-generators/cloud-init-generator
Oct 18 01:26:07 lsmtest kernel: SKELETON LSM check of /usr/lib/systemd/system-generators/systemd-integritysetup-generator
Oct 18 01:26:07 lsmtest kernel: SKELETON LSM check of /usr/lib/systemd/system-generators/systemd-veritysetup-generator
Oct 18 01:26:07 lsmtest kernel: SKELETON LSM check of /usr/lib/systemd/system-generators/openvpn-generator
Oct 18 01:26:07 lsmtest kernel: SKELETON LSM check of /usr/lib/systemd/system-generators/systemd-sysv-generator
Oct 18 01:26:07 lsmtest kernel: SKELETON LSM check of /usr/lib/systemd/system-generators/systemd-system-update-generator
Oct 18 01:26:07 lsmtest kernel: SKELETON LSM check of /usr/bin/cat
Oct 18 01:26:07 lsmtest kernel: SKELETON LSM check of /usr/bin/mkdir
Oct 18 01:26:07 lsmtest kernel: SKELETON LSM check of /usr/bin/mkdir
Oct 18 01:26:07 lsmtest kernel: SKELETON LSM check of /usr/lib/cloud-init/ds-identify
Oct 18 01:26:07 lsmtest kernel: SKELETON LSM check of /usr/lib/cloud-init/ds-identify
Oct 18 01:26:07 lsmtest kernel: SKELETON LSM check of /usr/bin/ls
Oct 18 01:26:07 lsmtest kernel: SKELETON LSM check of /usr/bin/uname
Oct 18 01:26:07 lsmtest kernel: SKELETON LSM check of /usr/bin/systemd-detect-virt
Oct 18 01:26:07 lsmtest systemd[1]: Configuration file /run/systemd/system/netplan-ovs-cleanup.service is marked world-inaccessible. This has no effect as configuration data is accessible via APIs without restrictions. Proceeding anyway.
Oct 18 01:26:07 lsmtest systemd[1]: Queued start job for default target graphical.target.
Oct 18 01:26:07 lsmtest kernel: SKELETON LSM check of /sbin/modprobe
Oct 18 01:26:07 lsmtest systemd[1]: Created slice system-modprobe.slice - Slice /system/modprobe.
Oct 18 01:26:07 lsmtest systemd[1]: Created slice user.slice - User and Session Slice.
Oct 18 01:26:07 lsmtest systemd[1]: Started systemd-ask-password-wall.path - Forward Password Requests to Wall Directory Watch.
Oct 18 01:26:07 lsmtest systemd[1]: Set up automount proc-sys-fs-binfmt_misc.automount - Arbitrary Executable File Formats File System Automount Point.
Oct 18 01:26:07 lsmtest systemd[1]: Reached target integritysetup.target - Local Integrity Protected Volumes.
Oct 18 01:26:07 lsmtest systemd[1]: Reached target remote-fs.target - Remote File Systems.
Oct 18 01:26:07 lsmtest systemd[1]: Reached target slices.target - Slice Units.
Oct 18 01:26:07 lsmtest systemd[1]: Reached target snapd.mounts-pre.target - Mounting snaps.
Oct 18 01:26:07 lsmtest systemd[1]: Reached target swap.target - Swaps.
Oct 18 01:26:07 lsmtest systemd[1]: Reached target veritysetup.target - Local Verity Protected Volumes.
Oct 18 01:26:07 lsmtest systemd[1]: Listening on syslog.socket - Syslog Socket.
Oct 18 01:26:07 lsmtest systemd[1]: Listening on systemd-fsckd.socket - fsck to fsckd communication Socket.
Oct 18 01:26:07 lsmtest systemd[1]: Listening on systemd-initctl.socket - initctl Compatibility Named Pipe.
Oct 18 01:26:07 lsmtest systemd[1]: Listening on systemd-journald-dev-log.socket - Journal Socket (/dev/log).
Oct 18 01:26:07 lsmtest systemd[1]: Listening on systemd-journald.socket - Journal Socket.
Oct 18 01:26:07 lsmtest systemd[1]: Listening on systemd-oomd.socket - Userspace Out-Of-Memory (OOM) Killer Socket.
Oct 18 01:26:07 lsmtest systemd[1]: systemd-pcrextend.socket - TPM2 PCR Extension (Varlink) was skipped because of an unmet condition check (ConditionSecurity=measured-uki).
Oct 18 01:26:07 lsmtest systemd[1]: Listening on systemd-udevd-control.socket - udev Control Socket.
Oct 18 01:26:07 lsmtest systemd[1]: Listening on systemd-udevd-kernel.socket - udev Kernel Socket.
Oct 18 01:26:07 lsmtest kernel: SKELETON LSM check of /proc/self/fd/9
Oct 18 01:26:07 lsmtest systemd[1]: Mounting dev-hugepages.mount - Huge Pages File System...
Oct 18 01:26:07 lsmtest kernel: SKELETON LSM check of /proc/self/fd/9
Oct 18 01:26:07 lsmtest systemd[1]: Mounting dev-mqueue.mount - POSIX Message Queue File System...
Oct 18 01:26:07 lsmtest kernel: SKELETON LSM check of /proc/self/fd/9
Oct 18 01:26:07 lsmtest systemd[1]: Mounting sys-kernel-debug.mount - Kernel Debug File System...
Oct 18 01:26:07 lsmtest kernel: SKELETON LSM check of /proc/self/fd/9
Oct 18 01:26:07 lsmtest systemd[1]: Mounting sys-kernel-tracing.mount - Kernel Trace File System...
Oct 18 01:26:07 lsmtest kernel: SKELETON LSM check of /proc/self/fd/9
Oct 18 01:26:07 lsmtest systemd[1]: Starting systemd-journald.service - Journal Service...
Oct 18 01:26:07 lsmtest kernel: SKELETON LSM check of /usr/bin/mount
Oct 18 01:26:07 lsmtest kernel: SKELETON LSM check of /usr/bin/mount
Oct 18 01:26:07 lsmtest kernel: SKELETON LSM check of /usr/bin/mount
Oct 18 01:26:07 lsmtest kernel: SKELETON LSM check of /proc/self/fd/9
Oct 18 01:26:07 lsmtest systemd[1]: Starting keyboard-setup.service - Set the console keyboard layout...
Oct 18 01:26:07 lsmtest kernel: SKELETON LSM check of /proc/self/fd/9
Oct 18 01:26:07 lsmtest kernel: SKELETON LSM check of /usr/bin/mount
Oct 18 01:26:07 lsmtest systemd[1]: Starting kmod-static-nodes.service - Create List of Static Device Nodes...
Oct 18 01:26:07 lsmtest kernel: SKELETON LSM check of /proc/self/fd/9
Oct 18 01:26:07 lsmtest systemd[1]: Starting modprobe@configfs.service - Load Kernel Module configfs...
Oct 18 01:26:07 lsmtest kernel: SKELETON LSM check of /proc/self/fd/9
Oct 18 01:26:07 lsmtest systemd[1]: Starting modprobe@dm_mod.service - Load Kernel Module dm_mod...
Oct 18 01:26:07 lsmtest kernel: SKELETON LSM check of /proc/self/fd/9
Oct 18 01:26:07 lsmtest systemd[1]: Starting modprobe@drm.service - Load Kernel Module drm...
Oct 18 01:26:07 lsmtest kernel: SKELETON LSM check of /proc/self/fd/9
Oct 18 01:26:07 lsmtest kernel: SKELETON LSM check of /usr/bin/kmod
Oct 18 01:26:07 lsmtest systemd[1]: Starting modprobe@efi_pstore.service - Load Kernel Module efi_pstore...
Oct 18 01:26:07 lsmtest kernel: SKELETON LSM check of /sbin/modprobe
Oct 18 01:26:07 lsmtest kernel: SKELETON LSM check of /lib/console-setup/keyboard-setup.sh
Oct 18 01:26:07 lsmtest kernel: SKELETON LSM check of /lib/console-setup/keyboard-setup.sh
Oct 18 01:26:07 lsmtest kernel: SKELETON LSM check of /proc/self/fd/9
Oct 18 01:26:07 lsmtest kernel: SKELETON LSM check of /sbin/modprobe
Oct 18 01:26:07 lsmtest kernel: SKELETON LSM check of /usr/lib/systemd/systemd-journald
Oct 18 01:26:07 lsmtest kernel: SKELETON LSM check of /etc/console-setup/cached_setup_keyboard.sh
Oct 18 01:26:07 lsmtest kernel: SKELETON LSM check of /etc/console-setup/cached_setup_keyboard.sh
Oct 18 01:26:07 lsmtest systemd[1]: Starting modprobe@fuse.service - Load Kernel Module fuse...
Oct 18 01:26:07 lsmtest kernel: SKELETON LSM check of /proc/self/fd/9
Oct 18 01:26:07 lsmtest kernel: SKELETON LSM check of /sbin/modprobe
Oct 18 01:26:07 lsmtest systemd[1]: Starting modprobe@loop.service - Load Kernel Module loop...
Oct 18 01:26:07 lsmtest kernel: SKELETON LSM check of /sbin/modprobe
Oct 18 01:26:07 lsmtest kernel: SKELETON LSM check of /usr/bin/kbd_mode
Oct 18 01:26:07 lsmtest systemd[1]: systemd-fsck-root.service - File System Check on Root Device was skipped because of an unmet condition check (ConditionPathExists=!/run/initramfs/fsck-root).
Oct 18 01:26:07 lsmtest kernel: SKELETON LSM check of /usr/bin/kbd_mode
Oct 18 01:26:07 lsmtest kernel: SKELETON LSM check of /sbin/modprobe
Oct 18 01:26:07 lsmtest kernel: SKELETON LSM check of /proc/self/fd/9
Oct 18 01:26:07 lsmtest systemd[1]: Starting systemd-modules-load.service - Load Kernel Modules...
Oct 18 01:26:07 lsmtest systemd[1]: systemd-pcrmachine.service - TPM2 PCR Machine ID Measurement was skipped because of an unmet condition check (ConditionSecurity=measured-uki).
Oct 18 01:26:07 lsmtest kernel: SKELETON LSM check of /usr/bin/kbd_mode
Oct 18 01:26:07 lsmtest systemd-journald[269]: Collecting audit messages is disabled.
Oct 18 01:26:07 lsmtest kernel: SKELETON LSM check of /proc/self/fd/9
Oct 18 01:26:07 lsmtest kernel: SKELETON LSM check of /sbin/modprobe
Oct 18 01:26:07 lsmtest systemd[1]: Starting systemd-remount-fs.service - Remount Root and Kernel File Systems...
Oct 18 01:26:07 lsmtest systemd[1]: systemd-tpm2-setup-early.service - TPM2 SRK Setup (Early) was skipped because of an unmet condition check (ConditionSecurity=measured-uki).
Oct 18 01:26:07 lsmtest kernel: SKELETON LSM check of /usr/bin/kbd_mode
Oct 18 01:26:07 lsmtest kernel: SKELETON LSM check of /proc/self/fd/9
Oct 18 01:26:07 lsmtest systemd[1]: Starting systemd-udev-trigger.service - Coldplug All udev Devices...
Oct 18 01:26:07 lsmtest kernel: SKELETON LSM check of /usr/lib/systemd/systemd-modules-load
Oct 18 01:26:07 lsmtest kernel: SKELETON LSM check of /usr/bin/kbd_mode
Oct 18 01:26:07 lsmtest systemd[1]: Mounted dev-hugepages.mount - Huge Pages File System.
Oct 18 01:26:07 lsmtest systemd[1]: Mounted dev-mqueue.mount - POSIX Message Queue File System.
Oct 18 01:26:07 lsmtest systemd[1]: Mounted sys-kernel-debug.mount - Kernel Debug File System.
Oct 18 01:26:07 lsmtest systemd[1]: Mounted sys-kernel-tracing.mount - Kernel Trace File System.
Oct 18 01:26:07 lsmtest systemd[1]: Finished kmod-static-nodes.service - Create List of Static Device Nodes.
Oct 18 01:26:07 lsmtest systemd[1]: modprobe@configfs.service: Deactivated successfully.
Oct 18 01:26:07 lsmtest kernel: SKELETON LSM check of /usr/lib/systemd/systemd-remount-fs
Oct 18 01:26:07 lsmtest systemd[1]: Finished modprobe@configfs.service - Load Kernel Module configfs.
Oct 18 01:26:07 lsmtest systemd[1]: modprobe@dm_mod.service: Deactivated successfully.
Oct 18 01:26:07 lsmtest systemd[1]: Finished modprobe@dm_mod.service - Load Kernel Module dm_mod.
Oct 18 01:26:07 lsmtest kernel: SKELETON LSM check of /usr/bin/kbd_mode
Oct 18 01:26:07 lsmtest systemd[1]: modprobe@drm.service: Deactivated successfully.
Oct 18 01:26:07 lsmtest systemd[1]: Finished modprobe@drm.service - Load Kernel Module drm.
Oct 18 01:26:07 lsmtest systemd[1]: modprobe@efi_pstore.service: Deactivated successfully.
Oct 18 01:26:07 lsmtest systemd[1]: Finished modprobe@efi_pstore.service - Load Kernel Module efi_pstore.
Oct 18 01:26:07 lsmtest systemd[1]: modprobe@fuse.service: Deactivated successfully.
Oct 18 01:26:07 lsmtest systemd[1]: Finished modprobe@fuse.service - Load Kernel Module fuse.
Oct 18 01:26:07 lsmtest systemd[1]: modprobe@loop.service: Deactivated successfully.
Oct 18 01:26:07 lsmtest systemd[1]: Finished modprobe@loop.service - Load Kernel Module loop.
Oct 18 01:26:07 lsmtest kernel: SKELETON LSM check of /usr/bin/udevadm
Oct 18 01:26:07 lsmtest kernel: SKELETON LSM check of /proc/self/fd/9
Oct 18 01:26:07 lsmtest systemd[1]: Mounting sys-fs-fuse-connections.mount - FUSE Control File System...
Oct 18 01:26:07 lsmtest kernel: SKELETON LSM check of /usr/bin/mount
Oct 18 01:26:07 lsmtest kernel: SKELETON LSM check of /usr/bin/loadkeys
Oct 18 01:26:07 lsmtest kernel: SKELETON LSM check of /proc/self/fd/9
Oct 18 01:26:07 lsmtest systemd[1]: Mounting sys-kernel-config.mount - Kernel Configuration File System...
Oct 18 01:26:07 lsmtest systemd[1]: systemd-repart.service - Repartition Root Disk was skipped because no trigger condition checks were met.
Oct 18 01:26:07 lsmtest kernel: SKELETON LSM check of /proc/self/fd/9
Oct 18 01:26:07 lsmtest systemd[1]: Starting systemd-tmpfiles-setup-dev-early.service - Create Static Device Nodes in /dev gracefully...
Oct 18 01:26:07 lsmtest kernel: EXT4-fs (sda2): re-mounted 24a35fab-19de-4835-bc2b-9fb6e805e455 r/w. Quota mode: none.
Oct 18 01:26:07 lsmtest kernel: SKELETON LSM check of /usr/bin/mount
Oct 18 01:26:07 lsmtest kernel: SKELETON LSM check of /bin/sh
Oct 18 01:26:07 lsmtest systemd[1]: Finished systemd-remount-fs.service - Remount Root and Kernel File Systems.
Oct 18 01:26:07 lsmtest systemd[1]: Mounted sys-kernel-config.mount - Kernel Configuration File System.
Oct 18 01:26:07 lsmtest kernel: SKELETON LSM check of /usr/bin/mount
Oct 18 01:26:07 lsmtest kernel: SKELETON LSM check of /usr/bin/gzip
Oct 18 01:26:07 lsmtest systemd[1]: systemd-hwdb-update.service - Rebuild Hardware Database was skipped because of an unmet condition check (ConditionNeedsUpdate=/etc).
Oct 18 01:26:07 lsmtest systemd[1]: systemd-pstore.service - Platform Persistent Storage Archival was skipped because of an unmet condition check (ConditionDirectoryNotEmpty=/sys/fs/pstore).
Oct 18 01:26:07 lsmtest kernel: SKELETON LSM check of /usr/bin/systemd-tmpfiles
Oct 18 01:26:07 lsmtest kernel: SKELETON LSM check of /proc/self/fd/9
Oct 18 01:26:07 lsmtest systemd[1]: Starting systemd-random-seed.service - Load/Save OS Random Seed...
Oct 18 01:26:07 lsmtest systemd[1]: systemd-tpm2-setup.service - TPM2 SRK Setup was skipped because of an unmet condition check (ConditionSecurity=measured-uki).
Oct 18 01:26:07 lsmtest systemd[1]: Mounted sys-fs-fuse-connections.mount - FUSE Control File System.
Oct 18 01:26:07 lsmtest systemd-journald[269]: Journal started
Oct 18 01:26:07 lsmtest systemd-journald[269]: Runtime Journal (/run/log/journal/c19a4fa787ce4ce5b2b77fa6f0b081f9) is 8.0M, max 77.5M, 69.5M free.
Oct 18 01:26:07 lsmtest systemd[1]: Started systemd-journald.service - Journal Service.
Oct 18 01:26:07 lsmtest kernel: SKELETON LSM check of /usr/lib/systemd/systemd-random-seed
Oct 18 01:26:07 lsmtest kernel: SKELETON LSM check of /proc/self/fd/9
Oct 18 01:26:07 lsmtest systemd[1]: Starting systemd-journal-flush.service - Flush Journal to Persistent Storage...
Oct 18 01:26:07 lsmtest kernel: SKELETON LSM check of /sbin/modprobe
Oct 18 01:26:07 lsmtest systemd[1]: Finished systemd-random-seed.service - Load/Save OS Random Seed.
Oct 18 01:26:07 lsmtest kernel: SKELETON LSM check of /usr/bin/journalctl
Oct 18 01:26:07 lsmtest kernel: lp: driver loaded but no devices found
Oct 18 01:26:07 lsmtest systemd-modules-load[281]: Inserted module 'lp'
Oct 18 01:26:07 lsmtest systemd-journald[269]: Time spent on flushing to /var/log/journal/c19a4fa787ce4ce5b2b77fa6f0b081f9 is 27.224ms for 729 entries.
Oct 18 01:26:07 lsmtest systemd-journald[269]: System Journal (/var/log/journal/c19a4fa787ce4ce5b2b77fa6f0b081f9) is 21.1M, max 4.0G, 3.9G free.
Oct 18 01:26:07 lsmtest systemd-journald[269]: Received client request to flush runtime journal.
Oct 18 01:26:07 lsmtest kernel: SKELETON LSM check of /sbin/modprobe
Oct 18 01:26:07 lsmtest kernel: ppdev: user-space parallel port driver
Oct 18 01:26:07 lsmtest kernel: SKELETON LSM check of /proc/self/fd/9
Oct 18 01:26:07 lsmtest systemd-journald[269]: /var/log/journal/c19a4fa787ce4ce5b2b77fa6f0b081f9/system.journal: Realtime clock jumped backwards relative to last journal entry, rotating.
Oct 18 01:26:07 lsmtest systemd-journald[269]: Rotating system journal.
Oct 18 01:26:07 lsmtest kernel: SKELETON LSM check of /usr/bin/systemd-tmpfiles
Oct 18 01:26:07 lsmtest kernel: SKELETON LSM check of /proc/self/fd/9
Oct 18 01:26:07 lsmtest kernel: SKELETON LSM check of /proc/self/fd/9
Oct 18 01:26:07 lsmtest kernel: SKELETON LSM check of /usr/lib/systemd/systemd-sysctl
Oct 18 01:26:07 lsmtest kernel: SKELETON LSM check of /proc/self/fd/9
Oct 18 01:26:07 lsmtest kernel: SKELETON LSM check of /usr/bin/mount
Oct 18 01:26:07 lsmtest kernel: SKELETON LSM check of /proc/self/fd/9
Oct 18 01:26:07 lsmtest kernel: SKELETON LSM check of /usr/bin/mount
Oct 18 01:26:07 lsmtest kernel: loop0: detected capacity change from 0 to 8
Oct 18 01:26:07 lsmtest kernel: loop1: detected capacity change from 0 to 152112
Oct 18 01:26:07 lsmtest kernel: SKELETON LSM check of /usr/bin/mount
Oct 18 01:26:07 lsmtest kernel: SKELETON LSM check of /proc/self/fd/9
Oct 18 01:26:07 lsmtest kernel: loop2: detected capacity change from 0 to 552488
Oct 18 01:26:07 lsmtest kernel: SKELETON LSM check of /proc/self/fd/9
Oct 18 01:26:07 lsmtest kernel: SKELETON LSM check of /usr/bin/mount
Oct 18 01:26:07 lsmtest kernel: SKELETON LSM check of /proc/self/fd/9
Oct 18 01:26:07 lsmtest kernel: loop3: detected capacity change from 0 to 21952
Oct 18 01:26:07 lsmtest kernel: SKELETON LSM check of /usr/bin/mount
Oct 18 01:26:07 lsmtest kernel: loop4: detected capacity change from 0 to 1034424
Oct 18 01:26:07 lsmtest kernel: SKELETON LSM check of /proc/self/fd/9
Oct 18 01:26:07 lsmtest kernel: SKELETON LSM check of /usr/bin/mount
Oct 18 01:26:07 lsmtest kernel: loop5: detected capacity change from 0 to 187776
Oct 18 01:26:07 lsmtest kernel: SKELETON LSM check of /proc/self/fd/9
Oct 18 01:26:07 lsmtest kernel: SKELETON LSM check of /usr/bin/mount
Oct 18 01:26:07 lsmtest kernel: loop6: detected capacity change from 0 to 21584
Oct 18 01:26:07 lsmtest kernel: SKELETON LSM check of /proc/self/fd/9
Oct 18 01:26:07 lsmtest kernel: SKELETON LSM check of /proc/self/fd/9
Oct 18 01:26:07 lsmtest kernel: SKELETON LSM check of /usr/bin/mount
Oct 18 01:26:07 lsmtest kernel: SKELETON LSM check of /usr/bin/mount
Oct 18 01:26:07 lsmtest kernel: loop7: detected capacity change from 0 to 1000
Oct 18 01:26:07 lsmtest kernel: loop8: detected capacity change from 0 to 79520
Oct 18 01:26:07 lsmtest kernel: SKELETON LSM check of /proc/self/fd/9
Oct 18 01:26:07 lsmtest kernel: SKELETON LSM check of /proc/self/fd/9
Oct 18 01:26:07 lsmtest kernel: SKELETON LSM check of /usr/lib/systemd/systemd-udevd
Oct 18 01:26:07 lsmtest kernel: SKELETON LSM check of /proc/self/fd/9
Oct 18 01:26:07 lsmtest kernel: SKELETON LSM check of /proc/self/fd/9
Oct 18 01:26:07 lsmtest kernel: SKELETON LSM check of /usr/bin/plymouth
Oct 18 01:26:07 lsmtest kernel: SKELETON LSM check of /usr/lib/systemd/systemd-binfmt
Oct 18 01:26:07 lsmtest kernel: SKELETON LSM check of /usr/lib/ufw/ufw-init
Oct 18 01:26:07 lsmtest kernel: SKELETON LSM check of /usr/lib/ufw/ufw-init
Oct 18 01:26:07 lsmtest kernel: SKELETON LSM check of /lib/console-setup/console-setup.sh
Oct 18 01:26:07 lsmtest kernel: SKELETON LSM check of /lib/console-setup/console-setup.sh
Oct 18 01:26:07 lsmtest kernel: SKELETON LSM check of /usr/bin/uname
Oct 18 01:26:07 lsmtest kernel: SKELETON LSM check of /usr/bin/mkdir
Oct 18 01:26:07 lsmtest systemd-modules-load[281]: Inserted module 'ppdev'
Oct 18 01:26:07 lsmtest systemd[1]: Finished systemd-tmpfiles-setup-dev-early.service - Create Static Device Nodes in /dev gracefully.
Oct 18 01:26:07 lsmtest systemd[1]: systemd-sysusers.service - Create System Users was skipped because no trigger condition checks were met.
Oct 18 01:26:07 lsmtest systemd-modules-load[281]: Inserted module 'parport_pc'
Oct 18 01:26:07 lsmtest systemd[1]: Starting systemd-tmpfiles-setup-dev.service - Create Static Device Nodes in /dev...
Oct 18 01:26:07 lsmtest systemd[1]: Finished keyboard-setup.service - Set the console keyboard layout.
Oct 18 01:26:07 lsmtest systemd-modules-load[281]: Inserted module 'msr'
Oct 18 01:26:07 lsmtest systemd[1]: Finished systemd-modules-load.service - Load Kernel Modules.
Oct 18 01:26:07 lsmtest systemd[1]: Starting systemd-sysctl.service - Apply Kernel Variables...
Oct 18 01:26:07 lsmtest systemd[1]: Finished systemd-tmpfiles-setup-dev.service - Create Static Device Nodes in /dev.
Oct 18 01:26:07 lsmtest systemd[1]: Reached target local-fs-pre.target - Preparation for Local File Systems.
Oct 18 01:26:07 lsmtest systemd[1]: Mounting snap-bare-5.mount - Mount unit for bare, revision 5...
Oct 18 01:26:07 lsmtest systemd[1]: Mounting snap-core22-1564.mount - Mount unit for core22, revision 1564...
Oct 18 01:26:07 lsmtest systemd[1]: Mounting snap-firefox-4793.mount - Mount unit for firefox, revision 4793...
Oct 18 01:26:07 lsmtest systemd[1]: Mounting snap-firmware\x2dupdater-127.mount - Mount unit for firmware-updater, revision 127...
Oct 18 01:26:07 lsmtest systemd[1]: Mounting snap-gnome\x2d42\x2d2204-176.mount - Mount unit for gnome-42-2204, revision 176...
Oct 18 01:26:07 lsmtest systemd[1]: Mounting snap-gtk\x2dcommon\x2dthemes-1535.mount - Mount unit for gtk-common-themes, revision 1535...
Oct 18 01:26:07 lsmtest systemd[1]: Mounting snap-snap\x2dstore-1173.mount - Mount unit for snap-store, revision 1173...
Oct 18 01:26:07 lsmtest systemd[1]: Mounting snap-snapd-21759.mount - Mount unit for snapd, revision 21759...
Oct 18 01:26:07 lsmtest systemd-sysctl[326]: Couldn't write '1' to 'kernel/apparmor_restrict_unprivileged_userns', ignoring: No such file or directory
Oct 18 01:26:07 lsmtest systemd-sysctl[326]: Couldn't write '1' to 'kernel/unprivileged_userns_clone', ignoring: No such file or directory
Oct 18 01:26:07 lsmtest systemd[1]: Mounting snap-snapd\x2ddesktop\x2dintegration-178.mount - Mount unit for snapd-desktop-integration, revision 178...
Oct 18 01:26:07 lsmtest systemd[1]: Starting systemd-udevd.service - Rule-based Manager for Device Events and Files...
Oct 18 01:26:07 lsmtest systemd[1]: Finished systemd-sysctl.service - Apply Kernel Variables.
Oct 18 01:26:07 lsmtest systemd[1]: Mounted snap-bare-5.mount - Mount unit for bare, revision 5.
Oct 18 01:26:07 lsmtest systemd[1]: Mounted snap-core22-1564.mount - Mount unit for core22, revision 1564.
Oct 18 01:26:07 lsmtest systemd[1]: Mounted snap-firefox-4793.mount - Mount unit for firefox, revision 4793.
Oct 18 01:26:07 lsmtest systemd[1]: Mounted snap-firmware\x2dupdater-127.mount - Mount unit for firmware-updater, revision 127.
Oct 18 01:26:07 lsmtest systemd[1]: Mounted snap-gnome\x2d42\x2d2204-176.mount - Mount unit for gnome-42-2204, revision 176.
Oct 18 01:26:07 lsmtest systemd[1]: Mounted snap-gtk\x2dcommon\x2dthemes-1535.mount - Mount unit for gtk-common-themes, revision 1535.
Oct 18 01:26:07 lsmtest systemd[1]: Mounted snap-snap\x2dstore-1173.mount - Mount unit for snap-store, revision 1173.
Oct 18 01:26:07 lsmtest systemd[1]: Mounted snap-snapd\x2ddesktop\x2dintegration-178.mount - Mount unit for snapd-desktop-integration, revision 178.
Oct 18 01:26:07 lsmtest systemd[1]: Mounted snap-snapd-21759.mount - Mount unit for snapd, revision 21759.
Oct 18 01:26:07 lsmtest systemd[1]: Reached target snapd.mounts.target - Mounted snaps.
Oct 18 01:26:07 lsmtest systemd[1]: Reached target local-fs.target - Local File Systems.
Oct 18 01:26:07 lsmtest systemd[1]: Listening on systemd-sysext.socket - System Extension Image Management (Varlink).
Oct 18 01:26:07 lsmtest systemd[1]: apparmor.service - Load AppArmor profiles was skipped because of an unmet condition check (ConditionSecurity=apparmor).
Oct 18 01:26:07 lsmtest systemd[1]: Starting console-setup.service - Set console font and keymap...
Oct 18 01:26:07 lsmtest systemd[1]: ldconfig.service - Rebuild Dynamic Linker Cache was skipped because no trigger condition checks were met.
Oct 18 01:26:07 lsmtest systemd[1]: Starting plymouth-read-write.service - Tell Plymouth To Write Out Runtime Data...
Oct 18 01:26:07 lsmtest systemd[1]: snapd.apparmor.service - Load AppArmor profiles managed internally by snapd was skipped because of an unmet condition check (ConditionSecurity=apparmor).
Oct 18 01:26:07 lsmtest systemd[1]: Starting systemd-binfmt.service - Set Up Additional Binary Formats...
Oct 18 01:26:07 lsmtest systemd[1]: Starting ufw.service - Uncomplicated firewall...
Oct 18 01:26:07 lsmtest systemd-udevd[339]: Using default interface naming scheme 'v255'.
Oct 18 01:26:07 lsmtest systemd[1]: Finished systemd-udev-trigger.service - Coldplug All udev Devices.
Oct 18 01:26:07 lsmtest systemd[1]: proc-sys-fs-binfmt_misc.automount: Got automount request for /proc/sys/fs/binfmt_misc, triggered by 342 (systemd-binfmt)
Oct 18 01:26:07 lsmtest systemd[1]: Finished ufw.service - Uncomplicated firewall.
Oct 18 01:26:07 lsmtest systemd[1]: Reached target network-pre.target - Preparation for Network.
Oct 18 01:26:07 lsmtest systemd[1]: Received SIGRTMIN+20 from PID 199 (plymouthd).
Oct 18 01:26:07 lsmtest systemd[1]: Finished console-setup.service - Set console font and keymap.
Oct 18 01:26:07 lsmtest systemd[1]: Finished plymouth-read-write.service - Tell Plymouth To Write Out Runtime Data.
Oct 18 01:26:07 lsmtest systemd[1]: Finished systemd-journal-flush.service - Flush Journal to Persistent Storage.
Oct 18 01:26:07 lsmtest kernel: SKELETON LSM check of /proc/self/fd/9
Oct 18 01:26:07 lsmtest systemd[1]: Starting systemd-tmpfiles-setup.service - Create Volatile Files and Directories...
Oct 18 01:26:07 lsmtest systemd[1]: Started systemd-udevd.service - Rule-based Manager for Device Events and Files.
Oct 18 01:26:07 lsmtest kernel: SKELETON LSM check of /usr/bin/systemd-tmpfiles
Oct 18 01:26:07 lsmtest systemd[1]: Starting plymouth-start.service - Show Plymouth Boot Screen...
Oct 18 01:26:07 lsmtest kernel: SKELETON LSM check of /proc/self/fd/9
Oct 18 01:26:07 lsmtest kernel: SKELETON LSM check of /usr/sbin/plymouthd
Oct 18 01:26:07 lsmtest kernel: SKELETON LSM check of /proc/self/fd/9
Oct 18 01:26:07 lsmtest kernel: SKELETON LSM check of /bin/sh
Oct 18 01:26:07 lsmtest kernel: SKELETON LSM check of /usr/bin/plymouth
Oct 18 01:26:07 lsmtest kernel: SKELETON LSM check of /usr/sbin/ethtool
Oct 18 01:26:07 lsmtest kernel: SKELETON LSM check of /usr/bin/sed
Oct 18 01:26:07 lsmtest kernel: SKELETON LSM check of /usr/lib/systemd/systemd-sysctl
Oct 18 01:26:07 lsmtest systemd[1]: Started plymouth-start.service - Show Plymouth Boot Screen.
Oct 18 01:26:07 lsmtest systemd[1]: systemd-ask-password-console.path - Dispatch Password Requests to Console Directory Watch was skipped because of an unmet condition check (ConditionPathExists=!/run/plymouth/pid).
Oct 18 01:26:07 lsmtest systemd[1]: Started systemd-ask-password-plymouth.path - Forward Password Requests to Plymouth Directory Watch.
Oct 18 01:26:07 lsmtest systemd[1]: Reached target cryptsetup.target - Local Encrypted Volumes.
Oct 18 01:26:07 lsmtest kernel: SKELETON LSM check of /usr/lib/udev/ata_id
Oct 18 01:26:07 lsmtest kernel: SKELETON LSM check of /usr/lib/udev/cdrom_id
Oct 18 01:26:07 lsmtest kernel: SKELETON LSM check of /usr/lib/udev/mtp-probe
Oct 18 01:26:07 lsmtest systemd[1]: Finished systemd-tmpfiles-setup.service - Create Volatile Files and Directories.
Oct 18 01:26:07 lsmtest systemd[1]: systemd-firstboot.service - First Boot Wizard was skipped because of an unmet condition check (ConditionFirstBoot=yes).
Oct 18 01:26:07 lsmtest systemd[1]: first-boot-complete.target - First Boot Complete was skipped because of an unmet condition check (ConditionFirstBoot=yes).
Oct 18 01:26:07 lsmtest systemd[1]: systemd-journal-catalog-update.service - Rebuild Journal Catalog was skipped because of an unmet condition check (ConditionNeedsUpdate=/var).
Oct 18 01:26:07 lsmtest systemd[1]: systemd-machine-id-commit.service - Commit a transient machine-id on disk was skipped because of an unmet condition check (ConditionPathIsMountPoint=/etc/machine-id).
Oct 18 01:26:07 lsmtest kernel: SKELETON LSM check of /proc/self/fd/9
Oct 18 01:26:07 lsmtest systemd[1]: Starting systemd-oomd.service - Userspace Out-Of-Memory (OOM) Killer...
Oct 18 01:26:07 lsmtest kernel: SKELETON LSM check of /proc/self/fd/9
Oct 18 01:26:07 lsmtest systemd[1]: Starting systemd-resolved.service - Network Name Resolution...
Oct 18 01:26:07 lsmtest mtp-probe[407]: checking bus 1, device 2: "/sys/devices/pci0000:00/0000:00:06.0/usb1/1-1"
Oct 18 01:26:07 lsmtest mtp-probe[407]: bus: 1, device: 2 was not an MTP device
Oct 18 01:26:07 lsmtest kernel: SKELETON LSM check of /usr/lib/udev/libinput-device-group
Oct 18 01:26:07 lsmtest kernel: SKELETON LSM check of /usr/lib/udev/libinput-device-group
Oct 18 01:26:07 lsmtest kernel: SKELETON LSM check of /proc/self/fd/9
Oct 18 01:26:07 lsmtest kernel: SKELETON LSM check of /usr/lib/udev/libinput-device-group
Oct 18 01:26:07 lsmtest systemd[1]: Starting systemd-timesyncd.service - Network Time Synchronization...
Oct 18 01:26:07 lsmtest systemd[1]: systemd-update-done.service - Update is Completed was skipped because no trigger condition checks were met.
Oct 18 01:26:07 lsmtest kernel: SKELETON LSM check of /proc/self/fd/9
Oct 18 01:26:07 lsmtest systemd[1]: Starting systemd-update-utmp.service - Record System Boot/Shutdown in UTMP...
Oct 18 01:26:07 lsmtest kernel: SKELETON LSM check of /usr/lib/systemd/systemd-update-utmp
Oct 18 01:26:07 lsmtest systemd[1]: Finished systemd-update-utmp.service - Record System Boot/Shutdown in UTMP.
Oct 18 01:26:07 lsmtest kernel: SKELETON LSM check of /usr/lib/udev/ata_id
Oct 18 01:26:07 lsmtest kernel: SKELETON LSM check of /usr/lib/udev/libinput-device-group
Oct 18 01:26:07 lsmtest kernel: SKELETON LSM check of /usr/lib/udev/fido_id
Oct 18 01:26:07 lsmtest kernel: SKELETON LSM check of /usr/bin/unshare
Oct 18 01:26:07 lsmtest kernel: piix4_smbus 0000:00:07.0: SMBus Host Controller at 0x4100, revision 0
Oct 18 01:26:07 lsmtest kernel: SKELETON LSM check of /usr/lib/udev/libinput-device-group
Oct 18 01:26:07 lsmtest (udev-worker)[384]: sda: Process '/usr/bin/unshare -m /usr/bin/snap auto-import --mount=/dev/sda' failed with exit code 1.
Oct 18 01:26:07 lsmtest kernel: SKELETON LSM check of /lib/udev/hdparm
Oct 18 01:26:07 lsmtest kernel: SKELETON LSM check of /lib/udev/hdparm
Oct 18 01:26:07 lsmtest kernel: SKELETON LSM check of /usr/bin/grep
Oct 18 01:26:07 lsmtest kernel: SKELETON LSM check of /usr/bin/egrep
Oct 18 01:26:07 lsmtest kernel: SKELETON LSM check of /usr/bin/egrep
Oct 18 01:26:07 lsmtest kernel: SKELETON LSM check of /usr/bin/grep
Oct 18 01:26:07 lsmtest kernel: cryptd: max_cpu_qlen set to 1000
Oct 18 01:26:07 lsmtest kernel: SKELETON LSM check of /usr/bin/egrep
Oct 18 01:26:07 lsmtest kernel: SKELETON LSM check of /usr/bin/egrep
Oct 18 01:26:07 lsmtest kernel: vboxguest: host-version: 7.1.4r165100 0x8000000f
Oct 18 01:26:07 lsmtest kernel: SKELETON LSM check of /usr/bin/sed
Oct 18 01:26:07 lsmtest kernel: vbg_heartbeat_init: Setting up heartbeat to trigger every 2000 milliseconds
Oct 18 01:26:07 lsmtest kernel: SKELETON LSM check of /usr/bin/grep
Oct 18 01:26:07 lsmtest kernel: SKELETON LSM check of /usr/bin/udevadm
Oct 18 01:26:07 lsmtest kernel: SKELETON LSM check of /bin/sh
Oct 18 01:26:07 lsmtest kernel: SKELETON LSM check of /sbin/modprobe
Oct 18 01:26:07 lsmtest kernel: input: VirtualBox mouse integration as /devices/pci0000:00/0000:00:04.0/input/input7
Oct 18 01:26:07 lsmtest kernel: SKELETON LSM check of /usr/bin/unshare
Oct 18 01:26:07 lsmtest (udev-worker)[369]: sr0: Process '/usr/bin/unshare -m /usr/bin/snap auto-import --mount=/dev/sr0' failed with exit code 1.
Oct 18 01:26:07 lsmtest kernel: SSE version of gcm_enc/dec engaged.
Oct 18 01:26:07 lsmtest kernel: SKELETON LSM check of /usr/bin/unshare
Oct 18 01:26:07 lsmtest kernel: SKELETON LSM check of /sbin/modprobe
Oct 18 01:26:07 lsmtest (udev-worker)[375]: sda2: Process '/usr/bin/unshare -m /usr/bin/snap auto-import --mount=/dev/sda2' failed with exit code 1.
Oct 18 01:26:07 lsmtest kernel: SKELETON LSM check of /usr/bin/unshare
Oct 18 01:26:07 lsmtest (udev-worker)[384]: sda1: Process '/usr/bin/unshare -m /usr/bin/snap auto-import --mount=/dev/sda1' failed with exit code 1.
Oct 18 01:26:07 lsmtest kernel: SKELETON LSM check of /sbin/modprobe
Oct 18 01:26:07 lsmtest kernel: SKELETON LSM check of /usr/lib/snapd/snap-device-helper
Oct 18 01:26:07 lsmtest kernel: SKELETON LSM check of /usr/lib/udev/dmi_memory_id
Oct 18 01:26:07 lsmtest kernel: SKELETON LSM check of /usr/lib/snapd/snap-device-helper
Oct 18 01:26:07 lsmtest kernel: SKELETON LSM check of /usr/lib/snapd/snap-device-helper
Oct 18 01:26:07 lsmtest kernel: SKELETON LSM check of /usr/lib/snapd/snap-device-helper
Oct 18 01:26:07 lsmtest systemd[1]: Listening on systemd-rfkill.socket - Load/Save RF Kill Switch Status /dev/rfkill Watch.
Oct 18 01:26:07 lsmtest kernel: SKELETON LSM check of /usr/lib/snapd/snap-device-helper
Oct 18 01:26:07 lsmtest kernel: SKELETON LSM check of /usr/lib/snapd/snap-device-helper
Oct 18 01:26:07 lsmtest kernel: SKELETON LSM check of /usr/lib/snapd/snap-device-helper
Oct 18 01:26:07 lsmtest kernel: SKELETON LSM check of /usr/lib/snapd/snap-device-helper
Oct 18 01:26:07 lsmtest kernel: SKELETON LSM check of /etc/console-setup/cached_setup_font.sh
Oct 18 01:26:07 lsmtest kernel: SKELETON LSM check of /etc/console-setup/cached_setup_font.sh
Oct 18 01:26:07 lsmtest kernel: SKELETON LSM check of /usr/lib/snapd/snap-device-helper
Oct 18 01:26:07 lsmtest kernel: SKELETON LSM check of /usr/bin/setfont
Oct 18 01:26:07 lsmtest kernel: SKELETON LSM check of /usr/bin/ls
Oct 18 01:26:07 lsmtest kernel: SKELETON LSM check of /usr/lib/snapd/snap-device-helper
Oct 18 01:26:07 lsmtest kernel: SKELETON LSM check of /usr/bin/mkdir
Oct 18 01:26:07 lsmtest kernel: SKELETON LSM check of /bin/sh
Oct 18 01:26:07 lsmtest kernel: SKELETON LSM check of /sbin/modprobe
Oct 18 01:26:07 lsmtest kernel: SKELETON LSM check of /usr/lib/snapd/snap-device-helper
Oct 18 01:26:07 lsmtest kernel: SKELETON LSM check of /usr/lib/snapd/snap-device-helper
Oct 18 01:26:07 lsmtest kernel: SKELETON LSM check of /usr/lib/snapd/snap-device-helper
Oct 18 01:26:07 lsmtest kernel: SKELETON LSM check of /usr/lib/snapd/snap-device-helper
Oct 18 01:26:07 lsmtest kernel: vmwgfx 0000:00:02.0: vgaarb: deactivate vga console
Oct 18 01:26:07 lsmtest kernel: Console: switching to colour dummy device 80x25
Oct 18 01:26:07 lsmtest kernel: SKELETON LSM check of /etc/console-setup/cached_setup_font.sh
Oct 18 01:26:07 lsmtest kernel: SKELETON LSM check of /etc/console-setup/cached_setup_font.sh
Oct 18 01:26:07 lsmtest kernel: vmwgfx 0000:00:02.0: [drm] FIFO at 0x00000000f0000000 size is 2048 kiB
Oct 18 01:26:07 lsmtest kernel: vmwgfx 0000:00:02.0: [drm] VRAM at 0x00000000e0000000 size is 16384 kiB
Oct 18 01:26:07 lsmtest kernel: vmwgfx 0000:00:02.0: [drm] Running on SVGA version 2.
Oct 18 01:26:07 lsmtest kernel: vmwgfx 0000:00:02.0: [drm] Capabilities: rect copy, cursor, cursor bypass, cursor bypass 2, alpha cursor, extended fifo, pitchlock, irq mask, gmr, traces, gmr2, screen object 2, command buffers, 
Oct 18 01:26:07 lsmtest kernel: vmwgfx 0000:00:02.0: [drm] *ERROR* vmwgfx seems to be running on an unsupported hypervisor.
Oct 18 01:26:07 lsmtest kernel: vmwgfx 0000:00:02.0: [drm] *ERROR* This configuration is likely broken.
Oct 18 01:26:07 lsmtest kernel: vmwgfx 0000:00:02.0: [drm] *ERROR* Please switch to a supported graphics device to avoid problems.
Oct 18 01:26:07 lsmtest kernel: vmwgfx 0000:00:02.0: [drm] DMA map mode: Caching DMA mappings.
Oct 18 01:26:07 lsmtest kernel: vmwgfx 0000:00:02.0: [drm] Legacy memory limits: VRAM = 16384 kB, FIFO = 2048 kB, surface = 507904 kB
Oct 18 01:26:07 lsmtest kernel: vmwgfx 0000:00:02.0: [drm] MOB limits: max mob size = 0 kB, max mob pages = 0
Oct 18 01:26:07 lsmtest kernel: vmwgfx 0000:00:02.0: [drm] Max GMR ids is 8192
Oct 18 01:26:07 lsmtest kernel: vmwgfx 0000:00:02.0: [drm] Max number of GMR pages is 1048576
Oct 18 01:26:07 lsmtest kernel: vmwgfx 0000:00:02.0: [drm] Maximum display memory size is 16384 kiB
Oct 18 01:26:07 lsmtest kernel: vmwgfx 0000:00:02.0: [drm] Screen Object display unit initialized
Oct 18 01:26:07 lsmtest kernel: vmwgfx 0000:00:02.0: [drm] Fifo max 0x00200000 min 0x00001000 cap 0x00000355
Oct 18 01:26:07 lsmtest kernel: vmwgfx 0000:00:02.0: [drm] Using command buffers with DMA pool.
Oct 18 01:26:07 lsmtest kernel: vmwgfx 0000:00:02.0: [drm] Available shader model: Legacy.
Oct 18 01:26:07 lsmtest kernel: SKELETON LSM check of /usr/bin/setfont
Oct 18 01:26:07 lsmtest kernel: [drm] Initialized vmwgfx 2.20.0 20211206 for 0000:00:02.0 on minor 0
Oct 18 01:26:07 lsmtest kernel: SKELETON LSM check of /usr/bin/ls
Oct 18 01:26:07 lsmtest kernel: fbcon: vmwgfxdrmfb (fb0) is primary device
Oct 18 01:26:07 lsmtest kernel: Console: switching to colour frame buffer device 160x50
Oct 18 01:26:07 lsmtest kernel: vmwgfx 0000:00:02.0: [drm] fb0: vmwgfxdrmfb frame buffer device
Oct 18 01:26:07 lsmtest kernel: SKELETON LSM check of /etc/console-setup/cached_setup_font.sh
Oct 18 01:26:07 lsmtest kernel: SKELETON LSM check of /etc/console-setup/cached_setup_font.sh
Oct 18 01:26:07 lsmtest kernel: SKELETON LSM check of /usr/bin/mkdir
Oct 18 01:26:07 lsmtest kernel: SKELETON LSM check of /usr/bin/setfont
Oct 18 01:26:07 lsmtest kernel: SKELETON LSM check of /usr/lib/udev/libinput-device-group
Oct 18 01:26:07 lsmtest kernel: SKELETON LSM check of /usr/bin/ls
Oct 18 01:26:07 lsmtest kernel: SKELETON LSM check of /usr/bin/setfont
Oct 18 01:26:07 lsmtest kernel: SKELETON LSM check of /usr/bin/setfont
Oct 18 01:26:07 lsmtest kernel: SKELETON LSM check of /sbin/modprobe
Oct 18 01:26:07 lsmtest kernel: SKELETON LSM check of /bin/sh
Oct 18 01:26:07 lsmtest kernel: SKELETON LSM check of /usr/lib/snapd/snap-device-helper
Oct 18 01:26:07 lsmtest kernel: SKELETON LSM check of /usr/bin/touch
Oct 18 01:26:07 lsmtest kernel: SKELETON LSM check of /usr/bin/gzip
Oct 18 01:26:07 lsmtest kernel: SKELETON LSM check of /bin/sh
Oct 18 01:26:07 lsmtest kernel: SKELETON LSM check of /usr/lib/snapd/snap-device-helper
Oct 18 01:26:07 lsmtest kernel: SKELETON LSM check of /sbin/modprobe
Oct 18 01:26:07 lsmtest kernel: SKELETON LSM check of /usr/lib/snapd/snap-device-helper
Oct 18 01:26:07 lsmtest kernel: SKELETON LSM check of /usr/bin/setfont
Oct 18 01:26:07 lsmtest kernel: SKELETON LSM check of /usr/lib/snapd/snap-device-helper
Oct 18 01:26:07 lsmtest kernel: SKELETON LSM check of /bin/sh
Oct 18 01:26:07 lsmtest kernel: SKELETON LSM check of /usr/lib/snapd/snap-device-helper
Oct 18 01:26:07 lsmtest kernel: SKELETON LSM check of /usr/lib/snapd/snap-device-helper
Oct 18 01:26:07 lsmtest kernel: SKELETON LSM check of /usr/bin/gzip
Oct 18 01:26:07 lsmtest kernel: SKELETON LSM check of /usr/lib/snapd/snap-device-helper
Oct 18 01:26:07 lsmtest kernel: SKELETON LSM check of /usr/bin/setfont
Oct 18 01:26:07 lsmtest kernel: SKELETON LSM check of /usr/lib/snapd/snap-device-helper
Oct 18 01:26:07 lsmtest kernel: SKELETON LSM check of /usr/lib/snapd/snap-device-helper
Oct 18 01:26:07 lsmtest kernel: SKELETON LSM check of /bin/sh
Oct 18 01:26:07 lsmtest kernel: SKELETON LSM check of /usr/lib/snapd/snap-device-helper
Oct 18 01:26:07 lsmtest kernel: SKELETON LSM check of /usr/lib/snapd/snap-device-helper
Oct 18 01:26:07 lsmtest kernel: SKELETON LSM check of /usr/bin/gzip
Oct 18 01:26:07 lsmtest kernel: SKELETON LSM check of /usr/lib/snapd/snap-device-helper
Oct 18 01:26:07 lsmtest kernel: SKELETON LSM check of /usr/lib/snapd/snap-device-helper
Oct 18 01:26:07 lsmtest kernel: SKELETON LSM check of /usr/bin/setfont
Oct 18 01:26:07 lsmtest kernel: SKELETON LSM check of /usr/lib/snapd/snap-device-helper
Oct 18 01:26:07 lsmtest kernel: SKELETON LSM check of /bin/sh
Oct 18 01:26:07 lsmtest kernel: SKELETON LSM check of /usr/lib/snapd/snap-device-helper
Oct 18 01:26:07 lsmtest kernel: SKELETON LSM check of /usr/bin/gzip
Oct 18 01:26:07 lsmtest kernel: SKELETON LSM check of /sbin/modprobe
Oct 18 01:26:07 lsmtest kernel: SKELETON LSM check of /usr/lib/snapd/snap-device-helper
Oct 18 01:26:07 lsmtest kernel: SKELETON LSM check of /usr/bin/setfont
Oct 18 01:26:07 lsmtest kernel: SKELETON LSM check of /bin/sh
Oct 18 01:26:07 lsmtest kernel: SKELETON LSM check of /usr/bin/gzip
Oct 18 01:26:07 lsmtest kernel: SKELETON LSM check of /usr/bin/mkdir
Oct 18 01:26:07 lsmtest kernel: SKELETON LSM check of /sbin/u-d-c-print-pci-ids
Oct 18 01:26:07 lsmtest kernel: SKELETON LSM check of /sbin/u-d-c-print-pci-ids
Oct 18 01:26:07 lsmtest kernel: SKELETON LSM check of /usr/lib/snapd/snap-device-helper
Oct 18 01:26:07 lsmtest kernel: SKELETON LSM check of /sbin/modprobe
Oct 18 01:26:07 lsmtest kernel: SKELETON LSM check of /usr/lib/snapd/snap-device-helper
Oct 18 01:26:07 lsmtest kernel: intel_rapl_common: Found RAPL domain package
Oct 18 01:26:07 lsmtest kernel: intel_rapl_common: Found RAPL domain core
Oct 18 01:26:07 lsmtest kernel: SKELETON LSM check of /bin/sh
Oct 18 01:26:07 lsmtest kernel: SKELETON LSM check of /usr/lib/snapd/snap-device-helper
Oct 18 01:26:07 lsmtest kernel: SKELETON LSM check of /sbin/modprobe
Oct 18 01:26:07 lsmtest kernel: SKELETON LSM check of /usr/lib/snapd/snap-device-helper
Oct 18 01:26:07 lsmtest kernel: SKELETON LSM check of /usr/lib/snapd/snap-device-helper
Oct 18 01:26:07 lsmtest kernel: SKELETON LSM check of /usr/lib/snapd/snap-device-helper
Oct 18 01:26:07 lsmtest kernel: SKELETON LSM check of /usr/lib/snapd/snap-device-helper
Oct 18 01:26:07 lsmtest kernel: SKELETON LSM check of /usr/lib/snapd/snap-device-helper
Oct 18 01:26:07 lsmtest kernel: SKELETON LSM check of /sbin/u-d-c-print-pci-ids
Oct 18 01:26:07 lsmtest kernel: SKELETON LSM check of /sbin/u-d-c-print-pci-ids
Oct 18 01:26:07 lsmtest kernel: SKELETON LSM check of /usr/bin/touch
Oct 18 01:26:07 lsmtest kernel: SKELETON LSM check of /sbin/modprobe
Oct 18 01:26:07 lsmtest kernel: SKELETON LSM check of /usr/lib/snapd/snap-device-helper
Oct 18 01:26:07 lsmtest kernel: SKELETON LSM check of /usr/lib/snapd/snap-device-helper
Oct 18 01:26:07 lsmtest kernel: SKELETON LSM check of /usr/lib/snapd/snap-device-helper
Oct 18 01:26:07 lsmtest kernel: SKELETON LSM check of /usr/lib/snapd/snap-device-helper
Oct 18 01:26:07 lsmtest kernel: SKELETON LSM check of /usr/lib/snapd/snap-device-helper
Oct 18 01:26:07 lsmtest kernel: SKELETON LSM check of /usr/lib/snapd/snap-device-helper
Oct 18 01:26:07 lsmtest kernel: SKELETON LSM check of /usr/lib/snapd/snap-device-helper
Oct 18 01:26:07 lsmtest kernel: SKELETON LSM check of /usr/lib/snapd/snap-device-helper
Oct 18 01:26:07 lsmtest kernel: SKELETON LSM check of /usr/lib/snapd/snap-device-helper
Oct 18 01:26:07 lsmtest kernel: SKELETON LSM check of /usr/lib/snapd/snap-device-helper
Oct 18 01:26:07 lsmtest kernel: SKELETON LSM check of /usr/lib/snapd/snap-device-helper
Oct 18 01:26:07 lsmtest kernel: SKELETON LSM check of /usr/lib/snapd/snap-device-helper
Oct 18 01:26:07 lsmtest kernel: SKELETON LSM check of /usr/lib/snapd/snap-device-helper
Oct 18 01:26:07 lsmtest kernel: SKELETON LSM check of /usr/lib/snapd/snap-device-helper
Oct 18 01:26:07 lsmtest kernel: SKELETON LSM check of /usr/lib/snapd/snap-device-helper
Oct 18 01:26:07 lsmtest kernel: SKELETON LSM check of /usr/lib/snapd/snap-device-helper
Oct 18 01:26:07 lsmtest kernel: SKELETON LSM check of /sbin/u-d-c-print-pci-ids
Oct 18 01:26:07 lsmtest kernel: SKELETON LSM check of /sbin/u-d-c-print-pci-ids
Oct 18 01:26:07 lsmtest kernel: SKELETON LSM check of /usr/bin/touch
Oct 18 01:26:07 lsmtest kernel: SKELETON LSM check of /usr/lib/snapd/snap-device-helper
Oct 18 01:26:07 lsmtest kernel: SKELETON LSM check of /usr/lib/snapd/snap-device-helper
Oct 18 01:26:07 lsmtest kernel: SKELETON LSM check of /usr/lib/snapd/snap-device-helper
Oct 18 01:26:07 lsmtest kernel: SKELETON LSM check of /usr/lib/snapd/snap-device-helper
Oct 18 01:26:07 lsmtest kernel: SKELETON LSM check of /usr/lib/snapd/snap-device-helper
Oct 18 01:26:07 lsmtest kernel: SKELETON LSM check of /usr/lib/snapd/snap-device-helper
Oct 18 01:26:07 lsmtest kernel: SKELETON LSM check of /usr/lib/snapd/snap-device-helper
Oct 18 01:26:07 lsmtest kernel: SKELETON LSM check of /usr/lib/snapd/snap-device-helper
Oct 18 01:26:07 lsmtest kernel: SKELETON LSM check of /usr/lib/snapd/snap-device-helper
Oct 18 01:26:07 lsmtest kernel: SKELETON LSM check of /usr/lib/snapd/snap-device-helper
Oct 18 01:26:07 lsmtest kernel: SKELETON LSM check of /usr/lib/snapd/snap-device-helper
Oct 18 01:26:07 lsmtest kernel: SKELETON LSM check of /usr/lib/snapd/snap-device-helper
Oct 18 01:26:07 lsmtest kernel: SKELETON LSM check of /usr/lib/snapd/snap-device-helper
Oct 18 01:26:07 lsmtest kernel: SKELETON LSM check of /usr/lib/snapd/snap-device-helper
Oct 18 01:26:07 lsmtest kernel: SKELETON LSM check of /usr/lib/snapd/snap-device-helper
Oct 18 01:26:07 lsmtest kernel: SKELETON LSM check of /usr/lib/snapd/snap-device-helper
Oct 18 01:26:07 lsmtest kernel: SKELETON LSM check of /sbin/u-d-c-print-pci-ids
Oct 18 01:26:07 lsmtest kernel: SKELETON LSM check of /sbin/u-d-c-print-pci-ids
Oct 18 01:26:07 lsmtest kernel: SKELETON LSM check of /usr/bin/touch
Oct 18 01:26:07 lsmtest kernel: SKELETON LSM check of /usr/lib/snapd/snap-device-helper
Oct 18 01:26:07 lsmtest kernel: SKELETON LSM check of /usr/lib/snapd/snap-device-helper
Oct 18 01:26:07 lsmtest kernel: SKELETON LSM check of /usr/lib/snapd/snap-device-helper
Oct 18 01:26:07 lsmtest kernel: SKELETON LSM check of /usr/lib/snapd/snap-device-helper
Oct 18 01:26:07 lsmtest kernel: SKELETON LSM check of /usr/lib/snapd/snap-device-helper
Oct 18 01:26:07 lsmtest kernel: SKELETON LSM check of /usr/lib/snapd/snap-device-helper
Oct 18 01:26:07 lsmtest kernel: SKELETON LSM check of /usr/lib/snapd/snap-device-helper
Oct 18 01:26:07 lsmtest kernel: SKELETON LSM check of /usr/lib/snapd/snap-device-helper
Oct 18 01:26:07 lsmtest kernel: SKELETON LSM check of /usr/lib/snapd/snap-device-helper
Oct 18 01:26:07 lsmtest kernel: SKELETON LSM check of /usr/lib/snapd/snap-device-helper
Oct 18 01:26:07 lsmtest kernel: SKELETON LSM check of /usr/lib/snapd/snap-device-helper
Oct 18 01:26:07 lsmtest kernel: SKELETON LSM check of /usr/lib/snapd/snap-device-helper
Oct 18 01:26:07 lsmtest kernel: SKELETON LSM check of /usr/lib/snapd/snap-device-helper
Oct 18 01:26:07 lsmtest kernel: SKELETON LSM check of /usr/lib/snapd/snap-device-helper
Oct 18 01:26:07 lsmtest kernel: SKELETON LSM check of /usr/lib/snapd/snap-device-helper
Oct 18 01:26:07 lsmtest kernel: SKELETON LSM check of /usr/lib/snapd/snap-device-helper
Oct 18 01:26:07 lsmtest kernel: SKELETON LSM check of /sbin/u-d-c-print-pci-ids
Oct 18 01:26:07 lsmtest kernel: SKELETON LSM check of /sbin/u-d-c-print-pci-ids
Oct 18 01:26:07 lsmtest kernel: SKELETON LSM check of /usr/bin/touch
Oct 18 01:26:07 lsmtest kernel: SKELETON LSM check of /usr/lib/snapd/snap-device-helper
Oct 18 01:26:07 lsmtest kernel: SKELETON LSM check of /usr/lib/snapd/snap-device-helper
Oct 18 01:26:07 lsmtest kernel: SKELETON LSM check of /usr/lib/snapd/snap-device-helper
Oct 18 01:26:07 lsmtest kernel: SKELETON LSM check of /usr/lib/snapd/snap-device-helper
Oct 18 01:26:07 lsmtest kernel: SKELETON LSM check of /usr/lib/snapd/snap-device-helper
Oct 18 01:26:07 lsmtest kernel: SKELETON LSM check of /usr/lib/snapd/snap-device-helper
Oct 18 01:26:07 lsmtest kernel: SKELETON LSM check of /usr/lib/snapd/snap-device-helper
Oct 18 01:26:07 lsmtest kernel: SKELETON LSM check of /usr/lib/snapd/snap-device-helper
Oct 18 01:26:07 lsmtest kernel: SKELETON LSM check of /usr/lib/snapd/snap-device-helper
Oct 18 01:26:07 lsmtest kernel: SKELETON LSM check of /usr/lib/snapd/snap-device-helper
Oct 18 01:26:07 lsmtest kernel: SKELETON LSM check of /usr/lib/snapd/snap-device-helper
Oct 18 01:26:07 lsmtest kernel: SKELETON LSM check of /usr/lib/snapd/snap-device-helper
Oct 18 01:26:07 lsmtest kernel: SKELETON LSM check of /usr/lib/snapd/snap-device-helper
Oct 18 01:26:07 lsmtest kernel: SKELETON LSM check of /usr/lib/snapd/snap-device-helper
Oct 18 01:26:07 lsmtest kernel: SKELETON LSM check of /usr/lib/snapd/snap-device-helper
Oct 18 01:26:07 lsmtest kernel: SKELETON LSM check of /usr/lib/snapd/snap-device-helper
Oct 18 01:26:07 lsmtest kernel: SKELETON LSM check of /sbin/u-d-c-print-pci-ids
Oct 18 01:26:07 lsmtest kernel: SKELETON LSM check of /sbin/u-d-c-print-pci-ids
Oct 18 01:26:07 lsmtest kernel: SKELETON LSM check of /usr/bin/touch
Oct 18 01:26:07 lsmtest kernel: SKELETON LSM check of /usr/lib/snapd/snap-device-helper
Oct 18 01:26:07 lsmtest kernel: SKELETON LSM check of /usr/lib/snapd/snap-device-helper
Oct 18 01:26:07 lsmtest kernel: SKELETON LSM check of /usr/lib/snapd/snap-device-helper
Oct 18 01:26:07 lsmtest kernel: SKELETON LSM check of /usr/lib/snapd/snap-device-helper
Oct 18 01:26:07 lsmtest kernel: SKELETON LSM check of /usr/lib/snapd/snap-device-helper
Oct 18 01:26:07 lsmtest kernel: SKELETON LSM check of /usr/lib/snapd/snap-device-helper
Oct 18 01:26:07 lsmtest kernel: SKELETON LSM check of /usr/lib/snapd/snap-device-helper
Oct 18 01:26:07 lsmtest kernel: SKELETON LSM check of /usr/lib/snapd/snap-device-helper
Oct 18 01:26:07 lsmtest kernel: SKELETON LSM check of /usr/lib/snapd/snap-device-helper
Oct 18 01:26:07 lsmtest kernel: SKELETON LSM check of /usr/lib/snapd/snap-device-helper
Oct 18 01:26:07 lsmtest kernel: SKELETON LSM check of /usr/lib/snapd/snap-device-helper
Oct 18 01:26:07 lsmtest kernel: SKELETON LSM check of /usr/lib/snapd/snap-device-helper
Oct 18 01:26:07 lsmtest kernel: SKELETON LSM check of /usr/lib/snapd/snap-device-helper
Oct 18 01:26:07 lsmtest kernel: SKELETON LSM check of /usr/lib/snapd/snap-device-helper
Oct 18 01:26:07 lsmtest kernel: SKELETON LSM check of /usr/lib/snapd/snap-device-helper
Oct 18 01:26:07 lsmtest kernel: SKELETON LSM check of /usr/lib/snapd/snap-device-helper
Oct 18 01:26:07 lsmtest kernel: SKELETON LSM check of /sbin/u-d-c-print-pci-ids
Oct 18 01:26:07 lsmtest kernel: SKELETON LSM check of /sbin/u-d-c-print-pci-ids
Oct 18 01:26:07 lsmtest kernel: SKELETON LSM check of /usr/bin/touch
Oct 18 01:26:07 lsmtest kernel: SKELETON LSM check of /usr/lib/snapd/snap-device-helper
Oct 18 01:26:07 lsmtest kernel: SKELETON LSM check of /usr/lib/snapd/snap-device-helper
Oct 18 01:26:07 lsmtest kernel: SKELETON LSM check of /usr/lib/snapd/snap-device-helper
Oct 18 01:26:07 lsmtest kernel: SKELETON LSM check of /usr/lib/snapd/snap-device-helper
Oct 18 01:26:07 lsmtest kernel: SKELETON LSM check of /usr/lib/snapd/snap-device-helper
Oct 18 01:26:07 lsmtest kernel: SKELETON LSM check of /usr/lib/snapd/snap-device-helper
Oct 18 01:26:07 lsmtest kernel: SKELETON LSM check of /usr/lib/snapd/snap-device-helper
Oct 18 01:26:07 lsmtest kernel: SKELETON LSM check of /usr/lib/snapd/snap-device-helper
Oct 18 01:26:07 lsmtest kernel: SKELETON LSM check of /usr/lib/snapd/snap-device-helper
Oct 18 01:26:07 lsmtest kernel: SKELETON LSM check of /usr/lib/snapd/snap-device-helper
Oct 18 01:26:07 lsmtest kernel: SKELETON LSM check of /usr/lib/snapd/snap-device-helper
Oct 18 01:26:07 lsmtest kernel: SKELETON LSM check of /usr/lib/snapd/snap-device-helper
Oct 18 01:26:07 lsmtest kernel: SKELETON LSM check of /usr/lib/snapd/snap-device-helper
Oct 18 01:26:08 lsmtest kernel: SKELETON LSM check of /usr/lib/snapd/snap-device-helper
Oct 18 01:26:08 lsmtest kernel: SKELETON LSM check of /usr/lib/snapd/snap-device-helper
Oct 18 01:26:08 lsmtest kernel: SKELETON LSM check of /usr/lib/snapd/snap-device-helper
Oct 18 01:26:08 lsmtest kernel: SKELETON LSM check of /sbin/u-d-c-print-pci-ids
Oct 18 01:26:08 lsmtest kernel: SKELETON LSM check of /sbin/u-d-c-print-pci-ids
Oct 18 01:26:08 lsmtest kernel: SKELETON LSM check of /usr/bin/touch
Oct 18 01:26:08 lsmtest kernel: SKELETON LSM check of /usr/lib/snapd/snap-device-helper
Oct 18 01:26:08 lsmtest kernel: SKELETON LSM check of /usr/lib/snapd/snap-device-helper
Oct 18 01:26:08 lsmtest kernel: SKELETON LSM check of /usr/lib/snapd/snap-device-helper
Oct 18 01:26:08 lsmtest kernel: SKELETON LSM check of /usr/lib/snapd/snap-device-helper
Oct 18 01:26:08 lsmtest kernel: SKELETON LSM check of /usr/lib/snapd/snap-device-helper
Oct 18 01:26:08 lsmtest kernel: SKELETON LSM check of /usr/lib/snapd/snap-device-helper
Oct 18 01:26:08 lsmtest kernel: SKELETON LSM check of /usr/lib/snapd/snap-device-helper
Oct 18 01:26:08 lsmtest kernel: SKELETON LSM check of /usr/lib/snapd/snap-device-helper
Oct 18 01:26:08 lsmtest kernel: SKELETON LSM check of /usr/lib/snapd/snap-device-helper
Oct 18 01:26:08 lsmtest kernel: SKELETON LSM check of /usr/lib/snapd/snap-device-helper
